Archive member included because of file (symbol)

Lab7SupportLib.a(Adc.o)       build/default/production/toaster_oven.o (AdcInit)
Lab7SupportLib.a(Buttons.o)   build/default/production/toaster_oven.o (ButtonsInit)
Lab7SupportLib.a(Oled.o)      build/default/production/toaster_oven.o (OledInit)
Lab7SupportLib.a(OledDriver.o)
                              Lab7SupportLib.a(Oled.o) (rgbOledBmp)
Lab7SupportLib.a(Ascii.o)     Lab7SupportLib.a(Oled.o) (ascii)
c:/program files (x86)/microchip/xc32/v1.40/bin/bin/../../lib/gcc/pic32mx/4.8.3/../../../../pic32mx/lib\libmchp_peripheral.a(read_core_timer_lib.o)
                              Lab7SupportLib.a(OledDriver.o) (ReadCoreTimer)
c:/program files (x86)/microchip/xc32/v1.40/bin/bin/../../lib/gcc/pic32mx/4.8.3/../../../../pic32mx/lib\libmchp_peripheral_32MX340F512H.a(pcache.o)
                              build/default/production/BOARD.o (CheKseg0CacheOn)
c:/program files (x86)/microchip/xc32/v1.40/bin/bin/../../lib/gcc/pic32mx/4.8.3/../../../../pic32mx/lib\libmchp_peripheral_32MX340F512H.a(osc_config_lib.o)
                              build/default/production/BOARD.o (OSCConfig)
c:/program files (x86)/microchip/xc32/v1.40/bin/bin/../../lib/gcc/pic32mx/4.8.3/../../../../pic32mx/lib\libmchp_peripheral_32MX340F512H.a(int_disable_interrupts_lib.o)
                              build/default/production/BOARD.o (INTDisableInterrupts)
c:/program files (x86)/microchip/xc32/v1.40/bin/bin/../../lib/gcc/pic32mx/4.8.3/../../../../pic32mx/lib\libmchp_peripheral_32MX340F512H.a(int_restore_interrupts_lib.o)
                              build/default/production/BOARD.o (INTRestoreInterrupts)
c:/program files (x86)/microchip/xc32/v1.40/bin/bin/../../lib/gcc/pic32mx/4.8.3/../../../../pic32mx/lib\libmchp_peripheral_32MX340F512H.a(int_tbl_lib.o)
                              build/default/production/toaster_oven.o (INTClearFlag)
c:/program files (x86)/microchip/xc32/v1.40/bin/bin/../../lib/gcc/pic32mx/4.8.3/../../../../pic32mx/lib\libmchp_peripheral_32MX340F512H.a(spi_chn_open_lib.o)
                              Lab7SupportLib.a(OledDriver.o) (SpiChnOpen)
c:/program files (x86)/microchip/xc32/v1.40/bin/bin/../../lib/gcc/pic32mx/4.8.3/../../../../pic32mx/lib\libmchp_peripheral_32MX340F512H.a(spi_io_tbl_libp.o)
                              c:/program files (x86)/microchip/xc32/v1.40/bin/bin/../../lib/gcc/pic32mx/4.8.3/../../../../pic32mx/lib\libmchp_peripheral_32MX340F512H.a(spi_chn_open_lib.o) (_SpiIoTbl)
c:/program files (x86)/microchip/xc32/v1.40/bin/bin/../../lib/gcc/pic32mx/4.8.3/../../../../pic32mx/lib\libmchp_peripheral_32MX340F512H.a(spi_map_tbl_libp.o)
                              c:/program files (x86)/microchip/xc32/v1.40/bin/bin/../../lib/gcc/pic32mx/4.8.3/../../../../pic32mx/lib\libmchp_peripheral_32MX340F512H.a(spi_chn_open_lib.o) (_SpiMapTbl)
c:/program files (x86)/microchip/xc32/v1.40/bin/bin/../../lib/gcc/pic32mx/4.8.3/../../../../pic32mx/lib\libmchp_peripheral_32MX340F512H.a(port_set_pins_digital_in_lib.o)
                              c:/program files (x86)/microchip/xc32/v1.40/bin/bin/../../lib/gcc/pic32mx/4.8.3/../../../../pic32mx/lib\libmchp_peripheral_32MX340F512H.a(spi_chn_open_lib.o) (PORTSetPinsDigitalIn)
c:/program files (x86)/microchip/xc32/v1.40/bin/bin/../../lib/gcc/pic32mx/4.8.3/../../../../pic32mx/lib\libmchp_peripheral_32MX340F512H.a(port_set_pins_digital_out_lib.o)
                              Lab7SupportLib.a(OledDriver.o) (PORTSetPinsDigitalOut)
c:/program files (x86)/microchip/xc32/v1.40/bin/bin/../../lib/gcc/pic32mx/4.8.3/../../../../pic32mx/lib\libmchp_peripheral_32MX340F512H.a(port_clear_bits_lib.o)
                              Lab7SupportLib.a(OledDriver.o) (PORTClearBits)
c:/program files (x86)/microchip/xc32/v1.40/bin/bin/../../lib/gcc/pic32mx/4.8.3/../../../../pic32mx/lib\libmchp_peripheral_32MX340F512H.a(port_set_bits_lib.o)
                              Lab7SupportLib.a(OledDriver.o) (PORTSetBits)
c:/program files (x86)/microchip/xc32/v1.40/bin/bin/../../lib/gcc/pic32mx/4.8.3/../../../../pic32mx/lib\libmchp_peripheral_32MX340F512H.a(_ports_tbl_libp.o)
                              c:/program files (x86)/microchip/xc32/v1.40/bin/bin/../../lib/gcc/pic32mx/4.8.3/../../../../pic32mx/lib\libmchp_peripheral_32MX340F512H.a(port_set_pins_digital_in_lib.o) (PortRegTbl)
c:/program files (x86)/microchip/xc32/v1.40/bin/bin/../../lib/gcc/pic32mx/4.8.3/../../../../pic32mx/lib\libpic32.a(default-bootstrap-exception-handler.o)
                              c:/program files (x86)/microchip/xc32/v1.40/bin/bin/../../lib/gcc/pic32mx/4.8.3/../../../../pic32mx/lib/./proc/32MX340F512H/crt0_mips32r2.o (_bootstrap_exception_handler)
c:/program files (x86)/microchip/xc32/v1.40/bin/bin/../../lib/gcc/pic32mx/4.8.3/../../../../pic32mx/lib\libpic32.a(default-on-reset.o)
                              c:/program files (x86)/microchip/xc32/v1.40/bin/bin/../../lib/gcc/pic32mx/4.8.3/../../../../pic32mx/lib/./proc/32MX340F512H/crt0_mips32r2.o (_on_reset)
[...]
Memory Configuration

Name             Origin             Length             Attributes
kseg0_program_mem 0x9d000000         0x00080000         xr
kseg0_boot_mem   0x9fc00490         0x00000970
exception_mem    0x9fc01000         0x00001000
kseg1_boot_mem   0xbfc00000         0x00000490
debug_exec_mem   0xbfc02000         0x00000ff0
config3          0xbfc02ff0         0x00000004
config2          0xbfc02ff4         0x00000004
config1          0xbfc02ff8         0x00000004
config0          0xbfc02ffc         0x00000004
kseg1_data_mem   0xa0000000         0x00008000         w !x
sfrs             0xbf800000         0x00100000
configsfrs       0xbfc02ff0         0x00000010
*default*        0x00000000         0xffffffff

Linker script and memory map

LOAD c:/program files (x86)/microchip/xc32/v1.40/bin/bin/../../lib/gcc/pic32mx/4.8.3/../../../../pic32mx/lib/./proc/32MX340F512H/crt0_mips32r2.o
LOAD c:/program files (x86)/microchip/xc32/v1.40/bin/bin/../../lib/gcc/pic32mx/4.8.3/../../../../pic32mx/lib\debug-exception-return.o
LOAD build/default/production/BOARD.o
LOAD build/default/production/toaster_oven.o
LOAD Lab7SupportLib.a
                0x00000001                __MPLAB_BUILD = 0x1
LOAD c:/program files (x86)/microchip/xc32/v1.40/bin/bin/../../lib/gcc/pic32mx/4.8.3/../../../../pic32mx/lib/./proc/32MX340F512H\default_isr_vectors.o
LOAD c:/program files (x86)/microchip/xc32/v1.40/bin/bin/../../lib/gcc/pic32mx/4.8.3/../../../../pic32mx/lib\pic32_software_reset.o
                0x00000400                PROVIDE (_min_stack_size, 0x400)
LOAD c:/program files (x86)/microchip/xc32/v1.40/bin/bin/../../lib/gcc/pic32mx/4.8.3/../../../../pic32mx/lib/./proc/32MX340F512H\processor.o
START GROUP
LOAD c:/program files (x86)/microchip/xc32/v1.40/bin/bin/../../lib/gcc/pic32mx/4.8.3/../../../../pic32mx/lib\libmchp_peripheral.a
END GROUP
START GROUP
LOAD c:/program files (x86)/microchip/xc32/v1.40/bin/bin/../../lib/gcc/pic32mx/4.8.3/../../../../pic32mx/lib\libmchp_peripheral_32MX340F512H.a
END GROUP
                0x00000001                PROVIDE (_vector_spacing, 0x1)
                0x9fc01000                _ebase_address = 0x9fc01000
                0xbfc00000                _RESET_ADDR = 0xbfc00000
                0xbfc00380                _BEV_EXCPT_ADDR = 0xbfc00380
                0xbfc00480                _DBG_EXCPT_ADDR = 0xbfc00480
                0xbfc02000                _DBG_CODE_ADDR = 0xbfc02000
                0x00000ff0                _DBG_CODE_SIZE = 0xff0
                0x9fc01180                _GEN_EXCPT_ADDR = (_ebase_address + 0x180)

.config_BFC02FF0
 *(.config_BFC02FF0)

.config_BFC02FF4
                0xbfc02ff4        0x4
 *(.config_BFC02FF4)
 .config_BFC02FF4
                0xbfc02ff4        0x4 build/default/production/BOARD.o

.config_BFC02FF8
                0xbfc02ff8        0x4
 *(.config_BFC02FF8)
 .config_BFC02FF8
                0xbfc02ff8        0x4 build/default/production/BOARD.o

.config_BFC02FFC
                0xbfc02ffc        0x4
 *(.config_BFC02FFC)
 .config_BFC02FFC
                0xbfc02ffc        0x4 build/default/production/BOARD.o
                0xbfc02000                PROVIDE (_DBG_CODE_ADDR, 0xbfc02000)
                0x00000ff0                PROVIDE (_DBG_CODE_SIZE, 0xff0)

.reset          0xbfc00000      0x1f4
 *(.reset)
 .reset         0xbfc00000        0x8 c:/program files (x86)/microchip/xc32/v1.40/bin/bin/../../lib/gcc/pic32mx/4.8.3/../../../../pic32mx/lib/./proc/32MX340F512H/crt0_mips32r2.o
                0xbfc00000                _reset
 *(.reset.startup)
 .reset.startup
                0xbfc00008      0x1ec c:/program files (x86)/microchip/xc32/v1.40/bin/bin/../../lib/gcc/pic32mx/4.8.3/../../../../pic32mx/lib/./proc/32MX340F512H/crt0_mips32r2.o

.bev_excpt      0xbfc00380       0x10
 *(.bev_handler)
 .bev_handler   0xbfc00380       0x10 c:/program files (x86)/microchip/xc32/v1.40/bin/bin/../../lib/gcc/pic32mx/4.8.3/../../../../pic32mx/lib/./proc/32MX340F512H/crt0_mips32r2.o

.dbg_excpt      0xbfc00480        0x0
                0xbfc00480                . = (. + DEFINED (_DEBUGGER)?0x8:0x0)

.dbg_code       0xbfc02000        0x0
                0xbfc02000                . = (. + DEFINED (_DEBUGGER)?_DBG_CODE_SIZE:0x0)

.app_excpt      0x9fc01180       0x10
 *(.gen_handler)
 .gen_handler   0x9fc01180       0x10 c:/program files (x86)/microchip/xc32/v1.40/bin/bin/../../lib/gcc/pic32mx/4.8.3/../../../../pic32mx/lib/./proc/32MX340F512H/crt0_mips32r2.o

.vector_0       0x9fc01200        0x8
 *(.vector_0)
 .vector_0      0x9fc01200        0x8 c:/program files (x86)/microchip/xc32/v1.40/bin/bin/../../lib/gcc/pic32mx/4.8.3/../../../../pic32mx/lib\libpic32.a(vector0.o)
                0x9fc01200                __vector_dispatch_0
                0x00000001                ASSERT (((_vector_spacing == 0x0) || (SIZEOF (.vector_0) <= (_vector_spacing << 0x5))), function at exception vector 0 too large)

.vector_1       0x9fc01220        0x8
 *(.vector_1)
 .vector_1      0x9fc01220        0x8 c:/program files (x86)/microchip/xc32/v1.40/bin/bin/../../lib/gcc/pic32mx/4.8.3/../../../../pic32mx/lib\libpic32.a(vector1.o)
                0x9fc01220                __vector_dispatch_1
                0x00000001                ASSERT (((_vector_spacing == 0x0) || (SIZEOF (.vector_1) <= (_vector_spacing << 0x5))), function at exception vector 1 too large)

.vector_2       0x9fc01240        0x8
 *(.vector_2)
 .vector_2      0x9fc01240        0x8 c:/program files (x86)/microchip/xc32/v1.40/bin/bin/../../lib/gcc/pic32mx/4.8.3/../../../../pic32mx/lib\libpic32.a(vector2.o)
                0x9fc01240                __vector_dispatch_2
                0x00000001                ASSERT (((_vector_spacing == 0x0) || (SIZEOF (.vector_2) <= (_vector_spacing << 0x5))), function at exception vector 2 too large)

.vector_3       0x9fc01260        0x8
 *(.vector_3)
 .vector_3      0x9fc01260        0x8 c:/program files (x86)/microchip/xc32/v1.40/bin/bin/../../lib/gcc/pic32mx/4.8.3/../../../../pic32mx/lib\libpic32.a(vector3.o)
                0x9fc01260                __vector_dispatch_3
                0x00000001                ASSERT (((_vector_spacing == 0x0) || (SIZEOF (.vector_3) <= (_vector_spacing << 0x5))), function at exception vector 3 too large)

.vector_4       0x9fc01280        0x8
 *(.vector_4)
 .vector_4      0x9fc01280        0x8 build/default/production/toaster_oven.o
                0x9fc01280                __vector_dispatch_4
                0x00000001                ASSERT (((_vector_spacing == 0x0) || (SIZEOF (.vector_4) <= (_vector_spacing << 0x5))), function at exception vector 4 too large)

.vector_5       0x9fc012a0        0x8
 *(.vector_5)
 .vector_5      0x9fc012a0        0x8 c:/program files (x86)/microchip/xc32/v1.40/bin/bin/../../lib/gcc/pic32mx/4.8.3/../../../../pic32mx/lib\libpic32.a(vector5.o)
                0x9fc012a0                __vector_dispatch_5
                0x00000001                ASSERT (((_vector_spacing == 0x0) || (SIZEOF (.vector_5) <= (_vector_spacing << 0x5))), function at exception vector 5 too large)

.vector_6       0x9fc012c0        0x8
 *(.vector_6)
 .vector_6      0x9fc012c0        0x8 c:/program files (x86)/microchip/xc32/v1.40/bin/bin/../../lib/gcc/pic32mx/4.8.3/../../../../pic32mx/lib\libpic32.a(vector6.o)
                0x9fc012c0                __vector_dispatch_6
                0x00000001                ASSERT (((_vector_spacing == 0x0) || (SIZEOF (.vector_6) <= (_vector_spacing << 0x5))), function at exception vector 6 too large)

.vector_7       0x9fc012e0        0x8
 *(.vector_7)
 .vector_7      0x9fc012e0        0x8 c:/program files (x86)/microchip/xc32/v1.40/bin/bin/../../lib/gcc/pic32mx/4.8.3/../../../../pic32mx/lib\libpic32.a(vector7.o)
                0x9fc012e0                __vector_dispatch_7
                0x00000001                ASSERT (((_vector_spacing == 0x0) || (SIZEOF (.vector_7) <= (_vector_spacing << 0x5))), function at exception vector 7 too large)

.vector_8       0x9fc01300        0x8
 *(.vector_8)
 .vector_8      0x9fc01300        0x8 build/default/production/toaster_oven.o
                0x9fc01300                __vector_dispatch_8
                0x00000001                ASSERT (((_vector_spacing == 0x0) || (SIZEOF (.vector_8) <= (_vector_spacing << 0x5))), function at exception vector 8 too large)

.vector_9       0x9fc01320        0x8
 *(.vector_9)
 .vector_9      0x9fc01320        0x8 c:/program files (x86)/microchip/xc32/v1.40/bin/bin/../../lib/gcc/pic32mx/4.8.3/../../../../pic32mx/lib\libpic32.a(vector9.o)
                0x9fc01320                __vector_dispatch_9
                0x00000001                ASSERT (((_vector_spacing == 0x0) || (SIZEOF (.vector_9) <= (_vector_spacing << 0x5))), function at exception vector 9 too large)

.vector_10      0x9fc01340        0x8
 *(.vector_10)
 .vector_10     0x9fc01340        0x8 c:/program files (x86)/microchip/xc32/v1.40/bin/bin/../../lib/gcc/pic32mx/4.8.3/../../../../pic32mx/lib\libpic32.a(vector10.o)
                0x9fc01340                __vector_dispatch_10
                0x00000001                ASSERT (((_vector_spacing == 0x0) || (SIZEOF (.vector_10) <= (_vector_spacing << 0x5))), function at exception vector 10 too large)

.vector_11      0x9fc01360        0x8
 *(.vector_11)
 .vector_11     0x9fc01360        0x8 c:/program files (x86)/microchip/xc32/v1.40/bin/bin/../../lib/gcc/pic32mx/4.8.3/../../../../pic32mx/lib\libpic32.a(vector11.o)
                0x9fc01360                __vector_dispatch_11
                0x00000001                ASSERT (((_vector_spacing == 0x0) || (SIZEOF (.vector_11) <= (_vector_spacing << 0x5))), function at exception vector 11 too large)

.vector_12      0x9fc01380        0x8
 *(.vector_12)
 .vector_12     0x9fc01380        0x8 build/default/production/toaster_oven.o
                0x9fc01380                __vector_dispatch_12
                0x00000001                ASSERT (((_vector_spacing == 0x0) || (SIZEOF (.vector_12) <= (_vector_spacing << 0x5))), function at exception vector 12 too large)

.vector_13      0x9fc013a0        0x8
 *(.vector_13)
 .vector_13     0x9fc013a0        0x8 c:/program files (x86)/microchip/xc32/v1.40/bin/bin/../../lib/gcc/pic32mx/4.8.3/../../../../pic32mx/lib\libpic32.a(vector13.o)
                0x9fc013a0                __vector_dispatch_13
                0x00000001                ASSERT (((_vector_spacing == 0x0) || (SIZEOF (.vector_13) <= (_vector_spacing << 0x5))), function at exception vector 13 too large)

.vector_14      0x9fc013c0        0x8
 *(.vector_14)
 .vector_14     0x9fc013c0        0x8 c:/program files (x86)/microchip/xc32/v1.40/bin/bin/../../lib/gcc/pic32mx/4.8.3/../../../../pic32mx/lib\libpic32.a(vector14.o)
                0x9fc013c0                __vector_dispatch_14
                0x00000001                ASSERT (((_vector_spacing == 0x0) || (SIZEOF (.vector_14) <= (_vector_spacing << 0x5))), function at exception vector 14 too large)

.vector_15      0x9fc013e0        0x8
 *(.vector_15)
 .vector_15     0x9fc013e0        0x8 c:/program files (x86)/microchip/xc32/v1.40/bin/bin/../../lib/gcc/pic32mx/4.8.3/../../../../pic32mx/lib\libpic32.a(vector15.o)
                0x9fc013e0                __vector_dispatch_15
                0x00000001                ASSERT (((_vector_spacing == 0x0) || (SIZEOF (.vector_15) <= (_vector_spacing << 0x5))), function at exception vector 15 too large)

.vector_16      0x9fc01400        0x8
 *(.vector_16)
 .vector_16     0x9fc01400        0x8 c:/program files (x86)/microchip/xc32/v1.40/bin/bin/../../lib/gcc/pic32mx/4.8.3/../../../../pic32mx/lib\libpic32.a(vector16.o)
                0x9fc01400                __vector_dispatch_16
                0x00000001                ASSERT (((_vector_spacing == 0x0) || (SIZEOF (.vector_16) <= (_vector_spacing << 0x5))), function at exception vector 16 too large)

.vector_17      0x9fc01420        0x8
 *(.vector_17)
 .vector_17     0x9fc01420        0x8 c:/program files (x86)/microchip/xc32/v1.40/bin/bin/../../lib/gcc/pic32mx/4.8.3/../../../../pic32mx/lib\libpic32.a(vector17.o)
                0x9fc01420                __vector_dispatch_17
                0x00000001                ASSERT (((_vector_spacing == 0x0) || (SIZEOF (.vector_17) <= (_vector_spacing << 0x5))), function at exception vector 17 too large)

.vector_18      0x9fc01440        0x8
 *(.vector_18)
 .vector_18     0x9fc01440        0x8 c:/program files (x86)/microchip/xc32/v1.40/bin/bin/../../lib/gcc/pic32mx/4.8.3/../../../../pic32mx/lib\libpic32.a(vector18.o)
                0x9fc01440                __vector_dispatch_18
                0x00000001                ASSERT (((_vector_spacing == 0x0) || (SIZEOF (.vector_18) <= (_vector_spacing << 0x5))), function at exception vector 18 too large)

.vector_19      0x9fc01460        0x8
 *(.vector_19)
 .vector_19     0x9fc01460        0x8 c:/program files (x86)/microchip/xc32/v1.40/bin/bin/../../lib/gcc/pic32mx/4.8.3/../../../../pic32mx/lib\libpic32.a(vector19.o)
                0x9fc01460                __vector_dispatch_19
                0x00000001                ASSERT (((_vector_spacing == 0x0) || (SIZEOF (.vector_19) <= (_vector_spacing << 0x5))), function at exception vector 19 too large)

.vector_20      0x9fc01480        0x8
 *(.vector_20)
 .vector_20     0x9fc01480        0x8 c:/program files (x86)/microchip/xc32/v1.40/bin/bin/../../lib/gcc/pic32mx/4.8.3/../../../../pic32mx/lib\libpic32.a(vector20.o)
                0x9fc01480                __vector_dispatch_20
                0x00000001                ASSERT (((_vector_spacing == 0x0) || (SIZEOF (.vector_20) <= (_vector_spacing << 0x5))), function at exception vector 20 too large)

.vector_21      0x9fc014a0        0x8
 *(.vector_21)
 .vector_21     0x9fc014a0        0x8 c:/program files (x86)/microchip/xc32/v1.40/bin/bin/../../lib/gcc/pic32mx/4.8.3/../../../../pic32mx/lib\libpic32.a(vector21.o)
                0x9fc014a0                __vector_dispatch_21
                0x00000001                ASSERT (((_vector_spacing == 0x0) || (SIZEOF (.vector_21) <= (_vector_spacing << 0x5))), function at exception vector 21 too large)

.vector_22      0x9fc014c0        0x8
 *(.vector_22)
 .vector_22     0x9fc014c0        0x8 c:/program files (x86)/microchip/xc32/v1.40/bin/bin/../../lib/gcc/pic32mx/4.8.3/../../../../pic32mx/lib\libpic32.a(vector22.o)
                0x9fc014c0                __vector_dispatch_22
                0x00000001                ASSERT (((_vector_spacing == 0x0) || (SIZEOF (.vector_22) <= (_vector_spacing << 0x5))), function at exception vector 22 too large)

.vector_23      0x9fc014e0        0x8
 *(.vector_23)
 .vector_23     0x9fc014e0        0x8 c:/program files (x86)/microchip/xc32/v1.40/bin/bin/../../lib/gcc/pic32mx/4.8.3/../../../../pic32mx/lib\libpic32.a(vector23.o)
                0x9fc014e0                __vector_dispatch_23
                0x00000001                ASSERT (((_vector_spacing == 0x0) || (SIZEOF (.vector_23) <= (_vector_spacing << 0x5))), function at exception vector 23 too large)

.vector_24      0x9fc01500        0x8
 *(.vector_24)
 .vector_24     0x9fc01500        0x8 c:/program files (x86)/microchip/xc32/v1.40/bin/bin/../../lib/gcc/pic32mx/4.8.3/../../../../pic32mx/lib\libpic32.a(vector24.o)
                0x9fc01500                __vector_dispatch_24
                0x00000001                ASSERT (((_vector_spacing == 0x0) || (SIZEOF (.vector_24) <= (_vector_spacing << 0x5))), function at exception vector 24 too large)

.vector_25      0x9fc01520        0x8
 *(.vector_25)
 .vector_25     0x9fc01520        0x8 c:/program files (x86)/microchip/xc32/v1.40/bin/bin/../../lib/gcc/pic32mx/4.8.3/../../../../pic32mx/lib\libpic32.a(vector25.o)
                0x9fc01520                __vector_dispatch_25
                0x00000001                ASSERT (((_vector_spacing == 0x0) || (SIZEOF (.vector_25) <= (_vector_spacing << 0x5))), function at exception vector 25 too large)

.vector_26      0x9fc01540        0x8
 *(.vector_26)
 .vector_26     0x9fc01540        0x8 c:/program files (x86)/microchip/xc32/v1.40/bin/bin/../../lib/gcc/pic32mx/4.8.3/../../../../pic32mx/lib\libpic32.a(vector26.o)
                0x9fc01540                __vector_dispatch_26
                0x00000001                ASSERT (((_vector_spacing == 0x0) || (SIZEOF (.vector_26) <= (_vector_spacing << 0x5))), function at exception vector 26 too large)

.vector_27      0x9fc01560        0x8
 *(.vector_27)
 .vector_27     0x9fc01560        0x8 Lab7SupportLib.a(Adc.o)
                0x9fc01560                __vector_dispatch_27
                0x00000001                ASSERT (((_vector_spacing == 0x0) || (SIZEOF (.vector_27) <= (_vector_spacing << 0x5))), function at exception vector 27 too large)

.vector_28      0x9fc01580        0x8
 *(.vector_28)
 .vector_28     0x9fc01580        0x8 c:/program files (x86)/microchip/xc32/v1.40/bin/bin/../../lib/gcc/pic32mx/4.8.3/../../../../pic32mx/lib\libpic32.a(vector28.o)
                0x9fc01580                __vector_dispatch_28
                0x00000001                ASSERT (((_vector_spacing == 0x0) || (SIZEOF (.vector_28) <= (_vector_spacing << 0x5))), function at exception vector 28 too large)

.vector_29      0x9fc015a0        0x8
 *(.vector_29)
 .vector_29     0x9fc015a0        0x8 c:/program files (x86)/microchip/xc32/v1.40/bin/bin/../../lib/gcc/pic32mx/4.8.3/../../../../pic32mx/lib\libpic32.a(vector29.o)
                0x9fc015a0                __vector_dispatch_29
                0x00000001                ASSERT (((_vector_spacing == 0x0) || (SIZEOF (.vector_29) <= (_vector_spacing << 0x5))), function at exception vector 29 too large)

.vector_30      0x9fc015c0        0x8
 *(.vector_30)
 .vector_30     0x9fc015c0        0x8 c:/program files (x86)/microchip/xc32/v1.40/bin/bin/../../lib/gcc/pic32mx/4.8.3/../../../../pic32mx/lib\libpic32.a(vector30.o)
                0x9fc015c0                __vector_dispatch_30
                0x00000001                ASSERT (((_vector_spacing == 0x0) || (SIZEOF (.vector_30) <= (_vector_spacing << 0x5))), function at exception vector 30 too large)

.vector_31      0x9fc015e0        0x8
 *(.vector_31)
 .vector_31     0x9fc015e0        0x8 c:/program files (x86)/microchip/xc32/v1.40/bin/bin/../../lib/gcc/pic32mx/4.8.3/../../../../pic32mx/lib\libpic32.a(vector31.o)
                0x9fc015e0                __vector_dispatch_31
                0x00000001                ASSERT (((_vector_spacing == 0x0) || (SIZEOF (.vector_31) <= (_vector_spacing << 0x5))), function at exception vector 31 too large)

.vector_32      0x9fc01600        0x8
 *(.vector_32)
 .vector_32     0x9fc01600        0x8 c:/program files (x86)/microchip/xc32/v1.40/bin/bin/../../lib/gcc/pic32mx/4.8.3/../../../../pic32mx/lib\libpic32.a(vector32.o)
                0x9fc01600                __vector_dispatch_32
                0x00000001                ASSERT (((_vector_spacing == 0x0) || (SIZEOF (.vector_32) <= (_vector_spacing << 0x5))), function at exception vector 32 too large)

.vector_33      0x9fc01620        0x8
 *(.vector_33)
 .vector_33     0x9fc01620        0x8 c:/program files (x86)/microchip/xc32/v1.40/bin/bin/../../lib/gcc/pic32mx/4.8.3/../../../../pic32mx/lib\libpic32.a(vector33.o)
                0x9fc01620                __vector_dispatch_33
                0x00000001                ASSERT (((_vector_spacing == 0x0) || (SIZEOF (.vector_33) <= (_vector_spacing << 0x5))), function at exception vector 33 too large)

.vector_34      0x9fc01640        0x8
 *(.vector_34)
 .vector_34     0x9fc01640        0x8 c:/program files (x86)/microchip/xc32/v1.40/bin/bin/../../lib/gcc/pic32mx/4.8.3/../../../../pic32mx/lib\libpic32.a(vector34.o)
                0x9fc01640                __vector_dispatch_34
                0x00000001                ASSERT (((_vector_spacing == 0x0) || (SIZEOF (.vector_34) <= (_vector_spacing << 0x5))), function at exception vector 34 too large)

.vector_35      0x9fc01660        0x8
 *(.vector_35)
 .vector_35     0x9fc01660        0x8 c:/program files (x86)/microchip/xc32/v1.40/bin/bin/../../lib/gcc/pic32mx/4.8.3/../../../../pic32mx/lib\libpic32.a(vector35.o)
                0x9fc01660                __vector_dispatch_35
                0x00000001                ASSERT (((_vector_spacing == 0x0) || (SIZEOF (.vector_35) <= (_vector_spacing << 0x5))), function at exception vector 35 too large)

.vector_36      0x9fc01680        0x8
 *(.vector_36)
 .vector_36     0x9fc01680        0x8 c:/program files (x86)/microchip/xc32/v1.40/bin/bin/../../lib/gcc/pic32mx/4.8.3/../../../../pic32mx/lib\libpic32.a(vector36.o)
                0x9fc01680                __vector_dispatch_36
                0x00000001                ASSERT (((_vector_spacing == 0x0) || (SIZEOF (.vector_36) <= (_vector_spacing << 0x5))), function at exception vector 36 too large)

.vector_37      0x9fc016a0        0x8
 *(.vector_37)
 .vector_37     0x9fc016a0        0x8 c:/program files (x86)/microchip/xc32/v1.40/bin/bin/../../lib/gcc/pic32mx/4.8.3/../../../../pic32mx/lib\libpic32.a(vector37.o)
                0x9fc016a0                __vector_dispatch_37
                0x00000001                ASSERT (((_vector_spacing == 0x0) || (SIZEOF (.vector_37) <= (_vector_spacing << 0x5))), function at exception vector 37 too large)

.vector_38      0x9fc016c0        0x8
 *(.vector_38)
 .vector_38     0x9fc016c0        0x8 c:/program files (x86)/microchip/xc32/v1.40/bin/bin/../../lib/gcc/pic32mx/4.8.3/../../../../pic32mx/lib\libpic32.a(vector38.o)
                0x9fc016c0                __vector_dispatch_38
                0x00000001                ASSERT (((_vector_spacing == 0x0) || (SIZEOF (.vector_38) <= (_vector_spacing << 0x5))), function at exception vector 38 too large)

.vector_39      0x9fc016e0        0x8
 *(.vector_39)
 .vector_39     0x9fc016e0        0x8 c:/program files (x86)/microchip/xc32/v1.40/bin/bin/../../lib/gcc/pic32mx/4.8.3/../../../../pic32mx/lib\libpic32.a(vector39.o)
                0x9fc016e0                __vector_dispatch_39
                0x00000001                ASSERT (((_vector_spacing == 0x0) || (SIZEOF (.vector_39) <= (_vector_spacing << 0x5))), function at exception vector 39 too large)

.vector_40      0x9fc01700        0x8
 *(.vector_40)
 .vector_40     0x9fc01700        0x8 c:/program files (x86)/microchip/xc32/v1.40/bin/bin/../../lib/gcc/pic32mx/4.8.3/../../../../pic32mx/lib\libpic32.a(vector40.o)
                0x9fc01700                __vector_dispatch_40
                0x00000001                ASSERT (((_vector_spacing == 0x0) || (SIZEOF (.vector_40) <= (_vector_spacing << 0x5))), function at exception vector 40 too large)

.vector_41      0x9fc01720        0x8
 *(.vector_41)
 .vector_41     0x9fc01720        0x8 c:/program files (x86)/microchip/xc32/v1.40/bin/bin/../../lib/gcc/pic32mx/4.8.3/../../../../pic32mx/lib\libpic32.a(vector41.o)
                0x9fc01720                __vector_dispatch_41
                0x00000001                ASSERT (((_vector_spacing == 0x0) || (SIZEOF (.vector_41) <= (_vector_spacing << 0x5))), function at exception vector 41 too large)

.vector_42      0x9fc01740        0x8
 *(.vector_42)
 .vector_42     0x9fc01740        0x8 c:/program files (x86)/microchip/xc32/v1.40/bin/bin/../../lib/gcc/pic32mx/4.8.3/../../../../pic32mx/lib\libpic32.a(vector42.o)
                0x9fc01740                __vector_dispatch_42
                0x00000001                ASSERT (((_vector_spacing == 0x0) || (SIZEOF (.vector_42) <= (_vector_spacing << 0x5))), function at exception vector 42 too large)

.vector_43      0x9fc01760        0x8
 *(.vector_43)
 .vector_43     0x9fc01760        0x8 c:/program files (x86)/microchip/xc32/v1.40/bin/bin/../../lib/gcc/pic32mx/4.8.3/../../../../pic32mx/lib\libpic32.a(vector43.o)
                0x9fc01760                __vector_dispatch_43
                0x00000001                ASSERT (((_vector_spacing == 0x0) || (SIZEOF (.vector_43) <= (_vector_spacing << 0x5))), function at exception vector 43 too large)

.vector_44      0x9fc01780        0x8
 *(.vector_44)
 .vector_44     0x9fc01780        0x8 c:/program files (x86)/microchip/xc32/v1.40/bin/bin/../../lib/gcc/pic32mx/4.8.3/../../../../pic32mx/lib\libpic32.a(vector44.o)
                0x9fc01780                __vector_dispatch_44
                0x00000001                ASSERT (((_vector_spacing == 0x0) || (SIZEOF (.vector_44) <= (_vector_spacing << 0x5))), function at exception vector 44 too large)

.vector_45      0x9fc017a0        0x0
 *(.vector_45)
                0x00000001                ASSERT (((_vector_spacing == 0x0) || (SIZEOF (.vector_45) <= (_vector_spacing << 0x5))), function at exception vector 45 too large)

.vector_46      0x9fc017c0        0x0
 *(.vector_46)
                0x00000001                ASSERT (((_vector_spacing == 0x0) || (SIZEOF (.vector_46) <= (_vector_spacing << 0x5))), function at exception vector 46 too large)

.vector_47      0x9fc017e0        0x0
 *(.vector_47)
                0x00000001                ASSERT (((_vector_spacing == 0x0) || (SIZEOF (.vector_47) <= (_vector_spacing << 0x5))), function at exception vector 47 too large)

.vector_48      0x9fc01800        0x0
 *(.vector_48)
                0x00000001                ASSERT (((_vector_spacing == 0x0) || (SIZEOF (.vector_48) <= (_vector_spacing << 0x5))), function at exception vector 48 too large)

.vector_49      0x9fc01820        0x0
 *(.vector_49)
                0x00000001                ASSERT (((_vector_spacing == 0x0) || (SIZEOF (.vector_49) <= (_vector_spacing << 0x5))), function at exception vector 49 too large)

.vector_50      0x9fc01840        0x0
 *(.vector_50)
                0x00000001                ASSERT (((_vector_spacing == 0x0) || (SIZEOF (.vector_50) <= (_vector_spacing << 0x5))), function at exception vector 50 too large)

.vector_51      0x9fc01860        0x0
 *(.vector_51)
                0x00000001                ASSERT (((_vector_spacing == 0x0) || (SIZEOF (.vector_51) <= (_vector_spacing << 0x5))), function at exception vector 51 too large)

.vector_52      0x9fc01880        0x0
 *(.vector_52)
                0x00000001                ASSERT (((_vector_spacing == 0x0) || (SIZEOF (.vector_52) <= (_vector_spacing << 0x5))), function at exception vector 52 too large)

.vector_53      0x9fc018a0        0x0
 *(.vector_53)
                0x00000001                ASSERT (((_vector_spacing == 0x0) || (SIZEOF (.vector_53) <= (_vector_spacing << 0x5))), function at exception vector 53 too large)

.vector_54      0x9fc018c0        0x0
 *(.vector_54)
                0x00000001                ASSERT (((_vector_spacing == 0x0) || (SIZEOF (.vector_54) <= (_vector_spacing << 0x5))), function at exception vector 54 too large)

.vector_55      0x9fc018e0        0x0
 *(.vector_55)
                0x00000001                ASSERT (((_vector_spacing == 0x0) || (SIZEOF (.vector_55) <= (_vector_spacing << 0x5))), function at exception vector 55 too large)

.vector_56      0x9fc01900        0x0
 *(.vector_56)
                0x00000001                ASSERT (((_vector_spacing == 0x0) || (SIZEOF (.vector_56) <= (_vector_spacing << 0x5))), function at exception vector 56 too large)

.vector_57      0x9fc01920        0x0
 *(.vector_57)
                0x00000001                ASSERT (((_vector_spacing == 0x0) || (SIZEOF (.vector_57) <= (_vector_spacing << 0x5))), function at exception vector 57 too large)

.vector_58      0x9fc01940        0x0
 *(.vector_58)
                0x00000001                ASSERT (((_vector_spacing == 0x0) || (SIZEOF (.vector_58) <= (_vector_spacing << 0x5))), function at exception vector 58 too large)

.vector_59      0x9fc01960        0x0
 *(.vector_59)
                0x00000001                ASSERT (((_vector_spacing == 0x0) || (SIZEOF (.vector_59) <= (_vector_spacing << 0x5))), function at exception vector 59 too large)

.vector_60      0x9fc01980        0x0
 *(.vector_60)
                0x00000001                ASSERT (((_vector_spacing == 0x0) || (SIZEOF (.vector_60) <= (_vector_spacing << 0x5))), function at exception vector 60 too large)

.vector_61      0x9fc019a0        0x0
 *(.vector_61)
                0x00000001                ASSERT (((_vector_spacing == 0x0) || (SIZEOF (.vector_61) <= (_vector_spacing << 0x5))), function at exception vector 61 too large)

.vector_62      0x9fc019c0        0x0
 *(.vector_62)
                0x00000001                ASSERT (((_vector_spacing == 0x0) || (SIZEOF (.vector_62) <= (_vector_spacing << 0x5))), function at exception vector 62 too large)

.vector_63      0x9fc019e0        0x0
 *(.vector_63)
                0x00000001                ASSERT (((_vector_spacing == 0x0) || (SIZEOF (.vector_63) <= (_vector_spacing << 0x5))), function at exception vector 63 too large)

.startup
 *(.startup)

.text           0x9d000000        0x0
 *(.stub .gnu.linkonce.t.*)
 *(.text.*personality*)
 *(.mips16.fn.*)
 *(.mips16.call.*)
 *(.gnu.warning)
                0x9d000000                . = ALIGN (0x4)

.init           0x9d000000        0x0
 *crti.o(.init)
 *crtbegin.o(.init)
 *(EXCLUDE_FILE(*crtn.o *crtend?.o *crtend.o) .init)
 *crtend.o(.init)
 *crtn.o(.init)
                0x9d000000                . = ALIGN (0x4)

.fini           0x9d000000        0x0
 *(.fini)
                0x9d000000                . = ALIGN (0x4)

.preinit_array  0x9d000000        0x0
                0x9d000000                PROVIDE (__preinit_array_start, .)
 *(.preinit_array)
                0x9d000000                PROVIDE (__preinit_array_end, .)
                0x9d000000                . = ALIGN (0x4)

.init_array     0x9d000000        0x0
                0x9d000000                PROVIDE (__init_array_start, .)
 *(SORT(.init_array.*))
 *(.init_array)
                0x9d000000                PROVIDE (__init_array_end, .)
                0x9d000000                . = ALIGN (0x4)

.fini_array     0x9d000000        0x0
                0x9d000000                PROVIDE (__fini_array_start, .)
 *(SORT(.fini_array.*))
 *(.fini_array)
                0x9d000000                PROVIDE (__fini_array_end, .)
                0x9d000000                . = ALIGN (0x4)

.ctors          0x9d000000        0x0
 *crtbegin.o(.ctors)
 *crtbegin?.o(.ctors)
 *(EXCLUDE_FILE(*crtend?.o *crtend.o) .ctors)
 *(SORT(.ctors.*))
 *(.ctors)
                0x9d000000                . = ALIGN (0x4)

.dtors          0x9d000000        0x0
 *crtbegin.o(.dtors)
 *crtbegin?.o(.dtors)
 *(EXCLUDE_FILE(*crtend?.o *crtend.o) .dtors)
 *(SORT(.dtors.*))
 *(.dtors)
                0x9d000000                . = ALIGN (0x4)

.rodata         0x9d000000        0x0
 *(.gnu.linkonce.r.*)
 *(.rodata1)
                0x9d000000                . = ALIGN (0x4)

.sdata2         0x9fc00490        0x0
 *(.sdata2 .sdata2.* .gnu.linkonce.s2.*)
                0x9fc00490                . = ALIGN (0x4)

.sbss2          0x9fc00490        0x0
 *(.sbss2 .sbss2.* .gnu.linkonce.sb2.*)
                0x9fc00490                . = ALIGN (0x4)

.eh_frame_hdr
 *(.eh_frame_hdr)
                0x9fc00490                . = ALIGN (0x4)

.eh_frame
 *(.eh_frame)
                0x9fc00490                . = ALIGN (0x4)

.gcc_except_table
 *(.gcc_except_table .gcc_except_table.*)
                0x9fc00490                . = ALIGN (0x4)

.dbg_data       0xa0000000        0x0
                0xa0000000                . = (. + DEFINED (_DEBUGGER)?0x200:0x0)

.jcr            0xa0000000        0x0
 *(.jcr)
                0xa0000000                . = ALIGN (0x4)

.eh_frame
 *(.eh_frame)
                0xa0000000                . = ALIGN (0x4)

.gcc_except_table
 *(.gcc_except_table .gcc_except_table.*)
                0xa0000000                . = ALIGN (0x4)

.persist        0xa0000000        0x0
                0xa0000000                _persist_begin = .
 *(.persist .persist.*)
 *(.pbss .pbss.*)
                0xa0000000                . = ALIGN (0x4)
                0xa0000000                _persist_end = .

.data           0xa0000000        0x0
 *(.gnu.linkonce.d.*)
 *(.data1)
                0xa0000000                . = ALIGN (0x4)
                0xa0000000                . = .
                0xa0007ff0                _gp = (ALIGN (0x10) + 0x7ff0)

.got            0xa0000000        0x0
 *(.got.plt)
 *(.got)
                0xa0000000                . = ALIGN (0x4)

.sdata          0xa0000000        0x8
                0xa0000000                _sdata_begin = .
 *(.sdata .sdata.* .gnu.linkonce.s.*)
 .sdata         0xa0000000        0x4 build/default/production/toaster_oven.o
 .sdata         0xa0000004        0x4 c:/program files (x86)/microchip/xc32/v1.40/bin/bin/../../lib/gcc/pic32mx/4.8.3/../../../../pic32mx/lib\libpic32.a(xc32_uart.o)
                0xa0000004                __XC_UART
                0xa0000008                . = ALIGN (0x4)
                0xa0000008                _sdata_end = .

.lit8
 *(.lit8)

.lit4
 *(.lit4)
                0xa0000008                . = ALIGN (0x4)
                0xa0000008                _data_end = .
                0xa0000008                _bss_begin = .

.sbss           0xa0000008       0x18
                0xa0000008                _sbss_begin = .
 *(.dynsbss)
 *(.sbss .sbss.* .gnu.linkonce.sb.*)
 .sbss          0xa0000008       0x10 build/default/production/toaster_oven.o
 .sbss          0xa0000018        0x4 Lab7SupportLib.a(Adc.o)
 .sbss          0xa000001c        0x2 Lab7SupportLib.a(Buttons.o)
 *(.scommon)
                0xa000001e                _sbss_end = .
                0xa0000020                . = ALIGN (0x4)
 *fill*         0xa000001e        0x2 

.bss            0xa0000020      0x200
 *(.dynbss)
 *(COMMON)
 COMMON         0xa0000020      0x200 Lab7SupportLib.a(OledDriver.o)
                0xa0000020                rgbOledBmp
                0xa0000220                . = ALIGN ((. != 0x0)?0x4:0x1)
                0xa0000220                . = ALIGN (0x4)
                0xa0000220                _end = .
                0xa0000220                _bss_end = .
                0x00008000                _bmxdudba_address = 0x8000
                0x00008000                _bmxdupba_address = 0x8000

/DISCARD/
 *(.pdr)
 *(.rel.dyn)
 *(.note.GNU-stack)
 *(.note.GNU-stack)
 *(.gnu_debuglink)
 *(.gnu.lto_*)
 *(.discard)

.gptab.sdata
 *(.gptab.data)
 *(.gptab.sdata)

.gptab.sbss
 *(.gptab.bss)
 *(.gptab.sbss)

.mdebug.abi32   0xa0000220        0x0
 *(.mdebug.abi32)
 .mdebug.abi32  0xa0000220        0x0 build/default/production/BOARD.o
 .mdebug.abi32  0xa0000220        0x0 build/default/production/toaster_oven.o
 .mdebug.abi32  0xa0000220        0x0 Lab7SupportLib.a(Adc.o)
 .mdebug.abi32  0xa0000220        0x0 Lab7SupportLib.a(Buttons.o)
 .mdebug.abi32  0xa0000220        0x0 Lab7SupportLib.a(Oled.o)
 .mdebug.abi32  0xa0000220        0x0 Lab7SupportLib.a(OledDriver.o)
 .mdebug.abi32  0xa0000220        0x0 Lab7SupportLib.a(Ascii.o)
 .mdebug.abi32  0xa0000220        0x0 c:/program files (x86)/microchip/xc32/v1.40/bin/bin/../../lib/gcc/pic32mx/4.8.3/../../../../pic32mx/lib\libmchp_peripheral.a(read_core_timer_lib.o)
 .mdebug.abi32  0xa0000220        0x0 c:/program files (x86)/microchip/xc32/v1.40/bin/bin/../../lib/gcc/pic32mx/4.8.3/../../../../pic32mx/lib\libmchp_peripheral_32MX340F512H.a(pcache.o)
 .mdebug.abi32  0xa0000220        0x0 c:/program files (x86)/microchip/xc32/v1.40/bin/bin/../../lib/gcc/pic32mx/4.8.3/../../../../pic32mx/lib\libmchp_peripheral_32MX340F512H.a(osc_config_lib.o)
 .mdebug.abi32  0xa0000220        0x0 c:/program files (x86)/microchip/xc32/v1.40/bin/bin/../../lib/gcc/pic32mx/4.8.3/../../../../pic32mx/lib\libmchp_peripheral_32MX340F512H.a(int_disable_interrupts_lib.o)
 .mdebug.abi32  0xa0000220        0x0 c:/program files (x86)/microchip/xc32/v1.40/bin/bin/../../lib/gcc/pic32mx/4.8.3/../../../../pic32mx/lib\libmchp_peripheral_32MX340F512H.a(int_restore_interrupts_lib.o)
 .mdebug.abi32  0xa0000220        0x0 c:/program files (x86)/microchip/xc32/v1.40/bin/bin/../../lib/gcc/pic32mx/4.8.3/../../../../pic32mx/lib\libmchp_peripheral_32MX340F512H.a(int_tbl_lib.o)
 .mdebug.abi32  0xa0000220        0x0 c:/program files (x86)/microchip/xc32/v1.40/bin/bin/../../lib/gcc/pic32mx/4.8.3/../../../../pic32mx/lib\libmchp_peripheral_32MX340F512H.a(spi_chn_open_lib.o)
 .mdebug.abi32  0xa0000220        0x0 c:/program files (x86)/microchip/xc32/v1.40/bin/bin/../../lib/gcc/pic32mx/4.8.3/../../../../pic32mx/lib\libmchp_peripheral_32MX340F512H.a(spi_io_tbl_libp.o)
 .mdebug.abi32  0xa0000220        0x0 c:/program files (x86)/microchip/xc32/v1.40/bin/bin/../../lib/gcc/pic32mx/4.8.3/../../../../pic32mx/lib\libmchp_peripheral_32MX340F512H.a(spi_map_tbl_libp.o)
 .mdebug.abi32  0xa0000220        0x0 c:/program files (x86)/microchip/xc32/v1.40/bin/bin/../../lib/gcc/pic32mx/4.8.3/../../../../pic32mx/lib\libmchp_peripheral_32MX340F512H.a(port_set_pins_digital_in_lib.o)
 .mdebug.abi32  0xa0000220        0x0 c:/program files (x86)/microchip/xc32/v1.40/bin/bin/../../lib/gcc/pic32mx/4.8.3/../../../../pic32mx/lib\libmchp_peripheral_32MX340F512H.a(port_set_pins_digital_out_lib.o)
 .mdebug.abi32  0xa0000220        0x0 c:/program files (x86)/microchip/xc32/v1.40/bin/bin/../../lib/gcc/pic32mx/4.8.3/../../../../pic32mx/lib\libmchp_peripheral_32MX340F512H.a(port_clear_bits_lib.o)
 .mdebug.abi32  0xa0000220        0x0 c:/program files (x86)/microchip/xc32/v1.40/bin/bin/../../lib/gcc/pic32mx/4.8.3/../../../../pic32mx/lib\libmchp_peripheral_32MX340F512H.a(port_set_bits_lib.o)
 .mdebug.abi32  0xa0000220        0x0 c:/program files (x86)/microchip/xc32/v1.40/bin/bin/../../lib/gcc/pic32mx/4.8.3/../../../../pic32mx/lib\libmchp_peripheral_32MX340F512H.a(_ports_tbl_libp.o)
 .mdebug.abi32  0xa0000220        0x0 c:/program files (x86)/microchip/xc32/v1.40/bin/bin/../../lib/gcc/pic32mx/4.8.3/../../../../pic32mx/lib\libpic32.a(default-bootstrap-exception-handler.o)
 .mdebug.abi32  0xa0000220        0x0 c:/program files (x86)/microchip/xc32/v1.40/bin/bin/../../lib/gcc/pic32mx/4.8.3/../../../../pic32mx/lib\libpic32.a(default-on-reset.o)
 .mdebug.abi32  0xa0000220        0x0 c:/program files (x86)/microchip/xc32/v1.40/bin/bin/../../lib/gcc/pic32mx/4.8.3/../../../../pic32mx/lib\libpic32.a(default-on-bootstrap.o)
 .mdebug.abi32  0xa0000220        0x0 c:/program files (x86)/microchip/xc32/v1.40/bin/bin/../../lib/gcc/pic32mx/4.8.3/../../../../pic32mx/lib\libpic32.a(xc32_uart.o)
 .mdebug.abi32  0xa0000220        0x0 c:/program files (x86)/microchip/xc32/v1.40/bin/bin/../../lib/gcc/pic32mx/4.8.3/../../../../pic32mx/lib\libpic32.a(default-general-exception-handler.o)
 .mdebug.abi32  0xa0000220        0x0 c:/program files (x86)/microchip/xc32/v1.40/bin/bin/../../lib/gcc/pic32mx/4.8.3/../../../../pic32mx/lib\libpic32.a(defaultinterrupt.o)
 .mdebug.abi32  0xa0000220        0x0 c:/program files (x86)/microchip/xc32/v1.40/bin/bin/../../lib/gcc/pic32mx/4.8.3/../../../../pic32mx/lib\libc.a(puts.o)
 .mdebug.abi32  0xa0000220        0x0 c:/program files (x86)/microchip/xc32/v1.40/bin/bin/../../lib/gcc/pic32mx/4.8.3/../../../../pic32mx/lib\libc.a(rand.o)
 .mdebug.abi32  0xa0000220        0x0 c:/program files (x86)/microchip/xc32/v1.40/bin/bin/../../lib/gcc/pic32mx/4.8.3/../../../../pic32mx/lib\libc.a(sprintf_cdnopsuxX.eo)
 .mdebug.abi32  0xa0000220        0x0 c:/program files (x86)/microchip/xc32/v1.40/bin/bin/../../lib/gcc/pic32mx/4.8.3/../../../../pic32mx/lib\libc.a(_iob.o)
 .mdebug.abi32  0xa0000220        0x0 c:/program files (x86)/microchip/xc32/v1.40/bin/bin/../../lib/gcc/pic32mx/4.8.3/../../../../pic32mx/lib\libc.a(_fputc_simple.o)
 .mdebug.abi32  0xa0000220        0x0 c:/program files (x86)/microchip/xc32/v1.40/bin/bin/../../lib/gcc/pic32mx/4.8.3/../../../../pic32mx/lib\libc.a(doprnt_cdnopsuxX.eo)
 .mdebug.abi32  0xa0000220        0x0 c:/program files (x86)/microchip/xc32/v1.40/bin/bin/../../lib/gcc/pic32mx/4.8.3/../../../../pic32mx/lib\libc.a(_flsbuf_simple.o)
 .mdebug.abi32  0xa0000220        0x0 c:/program files (x86)/microchip/xc32/v1.40/bin/bin/../../lib/gcc/pic32mx/4.8.3/../../../../pic32mx/lib\libc.a(ctype.o)
 .mdebug.abi32  0xa0000220        0x0 c:/program files (x86)/microchip/xc32/v1.40/bin/bin/../../lib/gcc/pic32mx/4.8.3/../../../../pic32mx/lib\libpic32.a(write.o)
 .mdebug.abi32  0xa0000220        0x0 c:/program files (x86)/microchip/xc32/v1.40/bin/bin/../../lib/gcc/pic32mx/4.8.3/../../../../pic32mx/lib\libpic32.a(_mon_putc.o)
 .mdebug.abi32  0xa0000220        0x0 c:/program files (x86)/microchip/xc32/v1.40/bin/bin/../../lib/gcc/pic32mx/4.8.3\libgcc.a(_udivdi3.o)
 .mdebug.abi32  0xa0000220        0x0 c:/program files (x86)/microchip/xc32/v1.40/bin/bin/../../lib/gcc/pic32mx/4.8.3\libgcc.a(_umoddi3.o)

.mdebug.abiN32
 *(.mdebug.abiN32)

.mdebug.abi64
 *(.mdebug.abi64)

.mdebug.abiO64
 *(.mdebug.abiO64)

.mdebug.eabi32
 *(.mdebug.eabi32)

.mdebug.eabi64
 *(.mdebug.eabi64)

.gcc_compiled_long32
 *(.gcc_compiled_long32)

.gcc_compiled_long64
 *(.gcc_compiled_long64)

.stab
 *(.stab)

.stabstr
 *(.stabstr)

.stab.excl
 *(.stab.excl)

.stab.exclstr
 *(.stab.exclstr)

.stab.index
 *(.stab.index)

.stab.indexstr
 *(.stab.indexstr)

.comment        0x00000000       0xc6
 *(.comment)
 .comment       0x00000000       0x3c build/default/production/BOARD.o
                                 0x3d (size before relaxing)
 .comment       0x00000000       0x3d build/default/production/toaster_oven.o
 .comment       0x0000003c       0x3c Lab7SupportLib.a(Adc.o)
                                 0x3d (size before relaxing)
 .comment       0x00000000       0x3d Lab7SupportLib.a(Buttons.o)
 .comment       0x00000000       0x3d Lab7SupportLib.a(Oled.o)
 .comment       0x00000000       0x3d Lab7SupportLib.a(OledDriver.o)
 .comment       0x00000000       0x3d Lab7SupportLib.a(Ascii.o)
 .comment       0x00000000       0x3d c:/program files (x86)/microchip/xc32/v1.40/bin/bin/../../lib/gcc/pic32mx/4.8.3/../../../../pic32mx/lib\libmchp_peripheral.a(read_core_timer_lib.o)
 .comment       0x00000000       0x3d c:/program files (x86)/microchip/xc32/v1.40/bin/bin/../../lib/gcc/pic32mx/4.8.3/../../../../pic32mx/lib\libmchp_peripheral_32MX340F512H.a(pcache.o)
 .comment       0x00000000       0x3d c:/program files (x86)/microchip/xc32/v1.40/bin/bin/../../lib/gcc/pic32mx/4.8.3/../../../../pic32mx/lib\libmchp_peripheral_32MX340F512H.a(osc_config_lib.o)
 .comment       0x00000000       0x3d c:/program files (x86)/microchip/xc32/v1.40/bin/bin/../../lib/gcc/pic32mx/4.8.3/../../../../pic32mx/lib\libmchp_peripheral_32MX340F512H.a(int_disable_interrupts_lib.o)
 .comment       0x00000000       0x3d c:/program files (x86)/microchip/xc32/v1.40/bin/bin/../../lib/gcc/pic32mx/4.8.3/../../../../pic32mx/lib\libmchp_peripheral_32MX340F512H.a(int_restore_interrupts_lib.o)
 .comment       0x00000000       0x3d c:/program files (x86)/microchip/xc32/v1.40/bin/bin/../../lib/gcc/pic32mx/4.8.3/../../../../pic32mx/lib\libmchp_peripheral_32MX340F512H.a(int_tbl_lib.o)
 .comment       0x00000000       0x3d c:/program files (x86)/microchip/xc32/v1.40/bin/bin/../../lib/gcc/pic32mx/4.8.3/../../../../pic32mx/lib\libmchp_peripheral_32MX340F512H.a(spi_chn_open_lib.o)
 .comment       0x00000000       0x3d c:/program files (x86)/microchip/xc32/v1.40/bin/bin/../../lib/gcc/pic32mx/4.8.3/../../../../pic32mx/lib\libmchp_peripheral_32MX340F512H.a(spi_io_tbl_libp.o)
 .comment       0x00000000       0x3d c:/program files (x86)/microchip/xc32/v1.40/bin/bin/../../lib/gcc/pic32mx/4.8.3/../../../../pic32mx/lib\libmchp_peripheral_32MX340F512H.a(spi_map_tbl_libp.o)
 .comment       0x00000000       0x3d c:/program files (x86)/microchip/xc32/v1.40/bin/bin/../../lib/gcc/pic32mx/4.8.3/../../../../pic32mx/lib\libmchp_peripheral_32MX340F512H.a(port_set_pins_digital_in_lib.o)
 .comment       0x00000000       0x3d c:/program files (x86)/microchip/xc32/v1.40/bin/bin/../../lib/gcc/pic32mx/4.8.3/../../../../pic32mx/lib\libmchp_peripheral_32MX340F512H.a(port_set_pins_digital_out_lib.o)
 .comment       0x00000000       0x3d c:/program files (x86)/microchip/xc32/v1.40/bin/bin/../../lib/gcc/pic32mx/4.8.3/../../../../pic32mx/lib\libmchp_peripheral_32MX340F512H.a(port_clear_bits_lib.o)
 .comment       0x00000000       0x3d c:/program files (x86)/microchip/xc32/v1.40/bin/bin/../../lib/gcc/pic32mx/4.8.3/../../../../pic32mx/lib\libmchp_peripheral_32MX340F512H.a(port_set_bits_lib.o)
 .comment       0x00000000       0x3d c:/program files (x86)/microchip/xc32/v1.40/bin/bin/../../lib/gcc/pic32mx/4.8.3/../../../../pic32mx/lib\libmchp_peripheral_32MX340F512H.a(_ports_tbl_libp.o)
 .comment       0x00000000       0x3d c:/program files (x86)/microchip/xc32/v1.40/bin/bin/../../lib/gcc/pic32mx/4.8.3/../../../../pic32mx/lib\libpic32.a(default-bootstrap-exception-handler.o)
 .comment       0x00000000       0x3d c:/program files (x86)/microchip/xc32/v1.40/bin/bin/../../lib/gcc/pic32mx/4.8.3/../../../../pic32mx/lib\libpic32.a(default-on-reset.o)
 .comment       0x00000000       0x3d c:/program files (x86)/microchip/xc32/v1.40/bin/bin/../../lib/gcc/pic32mx/4.8.3/../../../../pic32mx/lib\libpic32.a(default-on-bootstrap.o)
 .comment       0x00000000       0x3d c:/program files (x86)/microchip/xc32/v1.40/bin/bin/../../lib/gcc/pic32mx/4.8.3/../../../../pic32mx/lib\libpic32.a(xc32_uart.o)
 .comment       0x00000000       0x3d c:/program files (x86)/microchip/xc32/v1.40/bin/bin/../../lib/gcc/pic32mx/4.8.3/../../../../pic32mx/lib\libpic32.a(default-general-exception-handler.o)
 .comment       0x00000000       0x3d c:/program files (x86)/microchip/xc32/v1.40/bin/bin/../../lib/gcc/pic32mx/4.8.3/../../../../pic32mx/lib\libpic32.a(defaultinterrupt.o)
 .comment       0x00000000       0x3d c:/program files (x86)/microchip/xc32/v1.40/bin/bin/../../lib/gcc/pic32mx/4.8.3/../../../../pic32mx/lib\libc.a(puts.o)
 .comment       0x00000000       0x3d c:/program files (x86)/microchip/xc32/v1.40/bin/bin/../../lib/gcc/pic32mx/4.8.3/../../../../pic32mx/lib\libc.a(rand.o)
 .comment       0x00000000       0x3d c:/program files (x86)/microchip/xc32/v1.40/bin/bin/../../lib/gcc/pic32mx/4.8.3/../../../../pic32mx/lib\libc.a(sprintf_cdnopsuxX.eo)
 .comment       0x00000000       0x3d c:/program files (x86)/microchip/xc32/v1.40/bin/bin/../../lib/gcc/pic32mx/4.8.3/../../../../pic32mx/lib\libc.a(_iob.o)
 .comment       0x00000000       0x3d c:/program files (x86)/microchip/xc32/v1.40/bin/bin/../../lib/gcc/pic32mx/4.8.3/../../../../pic32mx/lib\libc.a(_fputc_simple.o)
 .comment       0x00000000       0x3d c:/program files (x86)/microchip/xc32/v1.40/bin/bin/../../lib/gcc/pic32mx/4.8.3/../../../../pic32mx/lib\libc.a(doprnt_cdnopsuxX.eo)
 .comment       0x00000000       0x3d c:/program files (x86)/microchip/xc32/v1.40/bin/bin/../../lib/gcc/pic32mx/4.8.3/../../../../pic32mx/lib\libc.a(_flsbuf_simple.o)
 .comment       0x00000078       0x4e c:/program files (x86)/microchip/xc32/v1.40/bin/bin/../../lib/gcc/pic32mx/4.8.3/../../../../pic32mx/lib\libc.a(ctype.o)
                                 0x8b (size before relaxing)
 .comment       0x00000000       0x3d c:/program files (x86)/microchip/xc32/v1.40/bin/bin/../../lib/gcc/pic32mx/4.8.3/../../../../pic32mx/lib\libpic32.a(write.o)
 .comment       0x00000000       0x3d c:/program files (x86)/microchip/xc32/v1.40/bin/bin/../../lib/gcc/pic32mx/4.8.3/../../../../pic32mx/lib\libpic32.a(_mon_putc.o)
 .comment       0x00000000       0x3d c:/program files (x86)/microchip/xc32/v1.40/bin/bin/../../lib/gcc/pic32mx/4.8.3\libgcc.a(_udivdi3.o)
 .comment       0x00000000       0x3d c:/program files (x86)/microchip/xc32/v1.40/bin/bin/../../lib/gcc/pic32mx/4.8.3\libgcc.a(_umoddi3.o)

.debug
 *(.debug)

.line
 *(.line)

.debug_srcinfo
 *(.debug_srcinfo)

.debug_sfnames
 *(.debug_sfnames)

.debug_aranges  0x00000000      0x3d8
 *(.debug_aranges)
 .debug_aranges
                0x00000000       0x20 build/default/production/BOARD.o
 .debug_aranges
                0x00000020       0x20 build/default/production/toaster_oven.o
 .debug_aranges
                0x00000040       0x20 c:/program files (x86)/microchip/xc32/v1.40/bin/bin/../../lib/gcc/pic32mx/4.8.3/../../../../pic32mx/lib\libmchp_peripheral.a(read_core_timer_lib.o)
 .debug_aranges
                0x00000060       0x28 c:/program files (x86)/microchip/xc32/v1.40/bin/bin/../../lib/gcc/pic32mx/4.8.3/../../../../pic32mx/lib\libmchp_peripheral_32MX340F512H.a(pcache.o)
 .debug_aranges
                0x00000088       0x20 c:/program files (x86)/microchip/xc32/v1.40/bin/bin/../../lib/gcc/pic32mx/4.8.3/../../../../pic32mx/lib\libmchp_peripheral_32MX340F512H.a(osc_config_lib.o)
 .debug_aranges
                0x000000a8       0x20 c:/program files (x86)/microchip/xc32/v1.40/bin/bin/../../lib/gcc/pic32mx/4.8.3/../../../../pic32mx/lib\libmchp_peripheral_32MX340F512H.a(int_disable_interrupts_lib.o)
 .debug_aranges
                0x000000c8       0x20 c:/program files (x86)/microchip/xc32/v1.40/bin/bin/../../lib/gcc/pic32mx/4.8.3/../../../../pic32mx/lib\libmchp_peripheral_32MX340F512H.a(int_restore_interrupts_lib.o)
 .debug_aranges
                0x000000e8       0x60 c:/program files (x86)/microchip/xc32/v1.40/bin/bin/../../lib/gcc/pic32mx/4.8.3/../../../../pic32mx/lib\libmchp_peripheral_32MX340F512H.a(int_tbl_lib.o)
 .debug_aranges
                0x00000148       0x20 c:/program files (x86)/microchip/xc32/v1.40/bin/bin/../../lib/gcc/pic32mx/4.8.3/../../../../pic32mx/lib\libmchp_peripheral_32MX340F512H.a(spi_chn_open_lib.o)
 .debug_aranges
                0x00000168       0x20 c:/program files (x86)/microchip/xc32/v1.40/bin/bin/../../lib/gcc/pic32mx/4.8.3/../../../../pic32mx/lib\libmchp_peripheral_32MX340F512H.a(port_set_pins_digital_in_lib.o)
 .debug_aranges
                0x00000188       0x20 c:/program files (x86)/microchip/xc32/v1.40/bin/bin/../../lib/gcc/pic32mx/4.8.3/../../../../pic32mx/lib\libmchp_peripheral_32MX340F512H.a(port_set_pins_digital_out_lib.o)
 .debug_aranges
                0x000001a8       0x20 c:/program files (x86)/microchip/xc32/v1.40/bin/bin/../../lib/gcc/pic32mx/4.8.3/../../../../pic32mx/lib\libmchp_peripheral_32MX340F512H.a(port_clear_bits_lib.o)
 .debug_aranges
                0x000001c8       0x20 c:/program files (x86)/microchip/xc32/v1.40/bin/bin/../../lib/gcc/pic32mx/4.8.3/../../../../pic32mx/lib\libmchp_peripheral_32MX340F512H.a(port_set_bits_lib.o)
 .debug_aranges
                0x000001e8       0x20 c:/program files (x86)/microchip/xc32/v1.40/bin/bin/../../lib/gcc/pic32mx/4.8.3/../../../../pic32mx/lib\libpic32.a(default-bootstrap-exception-handler.o)
 .debug_aranges
                0x00000208       0x20 c:/program files (x86)/microchip/xc32/v1.40/bin/bin/../../lib/gcc/pic32mx/4.8.3/../../../../pic32mx/lib\libpic32.a(default-on-reset.o)
 .debug_aranges
                0x00000228       0x20 c:/program files (x86)/microchip/xc32/v1.40/bin/bin/../../lib/gcc/pic32mx/4.8.3/../../../../pic32mx/lib\libpic32.a(default-on-bootstrap.o)
 .debug_aranges
                0x00000248       0x20 c:/program files (x86)/microchip/xc32/v1.40/bin/bin/../../lib/gcc/pic32mx/4.8.3/../../../../pic32mx/lib\libpic32.a(default-general-exception-handler.o)
 .debug_aranges
                0x00000268       0x20 c:/program files (x86)/microchip/xc32/v1.40/bin/bin/../../lib/gcc/pic32mx/4.8.3/../../../../pic32mx/lib\libpic32.a(defaultinterrupt.o)
 .debug_aranges
                0x00000288       0x28 c:/program files (x86)/microchip/xc32/v1.40/bin/bin/../../lib/gcc/pic32mx/4.8.3/../../../../pic32mx/lib\libc.a(puts.o)
 .debug_aranges
                0x000002b0       0x28 c:/program files (x86)/microchip/xc32/v1.40/bin/bin/../../lib/gcc/pic32mx/4.8.3/../../../../pic32mx/lib\libc.a(rand.o)
 .debug_aranges
                0x000002d8       0x20 c:/program files (x86)/microchip/xc32/v1.40/bin/bin/../../lib/gcc/pic32mx/4.8.3/../../../../pic32mx/lib\libc.a(sprintf_cdnopsuxX.eo)
 .debug_aranges
                0x000002f8       0x20 c:/program files (x86)/microchip/xc32/v1.40/bin/bin/../../lib/gcc/pic32mx/4.8.3/../../../../pic32mx/lib\libc.a(_fputc_simple.o)
 .debug_aranges
                0x00000318       0x20 c:/program files (x86)/microchip/xc32/v1.40/bin/bin/../../lib/gcc/pic32mx/4.8.3/../../../../pic32mx/lib\libc.a(doprnt_cdnopsuxX.eo)
 .debug_aranges
                0x00000338       0x20 c:/program files (x86)/microchip/xc32/v1.40/bin/bin/../../lib/gcc/pic32mx/4.8.3/../../../../pic32mx/lib\libc.a(_flsbuf_simple.o)
 .debug_aranges
                0x00000358       0x20 c:/program files (x86)/microchip/xc32/v1.40/bin/bin/../../lib/gcc/pic32mx/4.8.3/../../../../pic32mx/lib\libpic32.a(write.o)
 .debug_aranges
                0x00000378       0x20 c:/program files (x86)/microchip/xc32/v1.40/bin/bin/../../lib/gcc/pic32mx/4.8.3/../../../../pic32mx/lib\libpic32.a(_mon_putc.o)
 .debug_aranges
                0x00000398       0x20 c:/program files (x86)/microchip/xc32/v1.40/bin/bin/../../lib/gcc/pic32mx/4.8.3\libgcc.a(_udivdi3.o)
 .debug_aranges
                0x000003b8       0x20 c:/program files (x86)/microchip/xc32/v1.40/bin/bin/../../lib/gcc/pic32mx/4.8.3\libgcc.a(_umoddi3.o)

.debug_pubnames
 *(.debug_pubnames)

.debug_info     0x00000000     0x5a1c
 *(.debug_info .gnu.linkonce.wi.*)
 .debug_info    0x00000000     0x1c9c build/default/production/BOARD.o
 .debug_info    0x00001c9c     0x1c1a build/default/production/toaster_oven.o
 .debug_info    0x000038b6       0xa8 c:/program files (x86)/microchip/xc32/v1.40/bin/bin/../../lib/gcc/pic32mx/4.8.3/../../../../pic32mx/lib\libmchp_peripheral.a(read_core_timer_lib.o)
 .debug_info    0x0000395e       0xbe c:/program files (x86)/microchip/xc32/v1.40/bin/bin/../../lib/gcc/pic32mx/4.8.3/../../../../pic32mx/lib\libmchp_peripheral_32MX340F512H.a(pcache.o)
 .debug_info    0x00003a1c       0xbe c:/program files (x86)/microchip/xc32/v1.40/bin/bin/../../lib/gcc/pic32mx/4.8.3/../../../../pic32mx/lib\libmchp_peripheral_32MX340F512H.a(osc_config_lib.o)
 .debug_info    0x00003ada       0xb4 c:/program files (x86)/microchip/xc32/v1.40/bin/bin/../../lib/gcc/pic32mx/4.8.3/../../../../pic32mx/lib\libmchp_peripheral_32MX340F512H.a(int_disable_interrupts_lib.o)
 .debug_info    0x00003b8e       0xb4 c:/program files (x86)/microchip/xc32/v1.40/bin/bin/../../lib/gcc/pic32mx/4.8.3/../../../../pic32mx/lib\libmchp_peripheral_32MX340F512H.a(int_restore_interrupts_lib.o)
 .debug_info    0x00003c42      0x19c c:/program files (x86)/microchip/xc32/v1.40/bin/bin/../../lib/gcc/pic32mx/4.8.3/../../../../pic32mx/lib\libmchp_peripheral_32MX340F512H.a(int_tbl_lib.o)
 .debug_info    0x00003dde       0xa0 c:/program files (x86)/microchip/xc32/v1.40/bin/bin/../../lib/gcc/pic32mx/4.8.3/../../../../pic32mx/lib\libmchp_peripheral_32MX340F512H.a(spi_chn_open_lib.o)
 .debug_info    0x00003e7e       0xb8 c:/program files (x86)/microchip/xc32/v1.40/bin/bin/../../lib/gcc/pic32mx/4.8.3/../../../../pic32mx/lib\libmchp_peripheral_32MX340F512H.a(port_set_pins_digital_in_lib.o)
 .debug_info    0x00003f36       0xba c:/program files (x86)/microchip/xc32/v1.40/bin/bin/../../lib/gcc/pic32mx/4.8.3/../../../../pic32mx/lib\libmchp_peripheral_32MX340F512H.a(port_set_pins_digital_out_lib.o)
 .debug_info    0x00003ff0       0xa8 c:/program files (x86)/microchip/xc32/v1.40/bin/bin/../../lib/gcc/pic32mx/4.8.3/../../../../pic32mx/lib\libmchp_peripheral_32MX340F512H.a(port_clear_bits_lib.o)
 .debug_info    0x00004098       0xa4 c:/program files (x86)/microchip/xc32/v1.40/bin/bin/../../lib/gcc/pic32mx/4.8.3/../../../../pic32mx/lib\libmchp_peripheral_32MX340F512H.a(port_set_bits_lib.o)
 .debug_info    0x0000413c       0xe3 c:/program files (x86)/microchip/xc32/v1.40/bin/bin/../../lib/gcc/pic32mx/4.8.3/../../../../pic32mx/lib\libpic32.a(default-bootstrap-exception-handler.o)
 .debug_info    0x0000421f       0xbd c:/program files (x86)/microchip/xc32/v1.40/bin/bin/../../lib/gcc/pic32mx/4.8.3/../../../../pic32mx/lib\libpic32.a(default-on-reset.o)
 .debug_info    0x000042dc       0xc5 c:/program files (x86)/microchip/xc32/v1.40/bin/bin/../../lib/gcc/pic32mx/4.8.3/../../../../pic32mx/lib\libpic32.a(default-on-bootstrap.o)
 .debug_info    0x000043a1       0xdf c:/program files (x86)/microchip/xc32/v1.40/bin/bin/../../lib/gcc/pic32mx/4.8.3/../../../../pic32mx/lib\libpic32.a(default-general-exception-handler.o)
 .debug_info    0x00004480       0xd7 c:/program files (x86)/microchip/xc32/v1.40/bin/bin/../../lib/gcc/pic32mx/4.8.3/../../../../pic32mx/lib\libpic32.a(defaultinterrupt.o)
 .debug_info    0x00004557       0xc7 c:/program files (x86)/microchip/xc32/v1.40/bin/bin/../../lib/gcc/pic32mx/4.8.3/../../../../pic32mx/lib\libc.a(puts.o)
 .debug_info    0x0000461e       0xcd c:/program files (x86)/microchip/xc32/v1.40/bin/bin/../../lib/gcc/pic32mx/4.8.3/../../../../pic32mx/lib\libc.a(rand.o)
 .debug_info    0x000046eb       0xc3 c:/program files (x86)/microchip/xc32/v1.40/bin/bin/../../lib/gcc/pic32mx/4.8.3/../../../../pic32mx/lib\libc.a(sprintf_cdnopsuxX.eo)
 .debug_info    0x000047ae       0xb4 c:/program files (x86)/microchip/xc32/v1.40/bin/bin/../../lib/gcc/pic32mx/4.8.3/../../../../pic32mx/lib\libc.a(_fputc_simple.o)
 .debug_info    0x00004862       0xc4 c:/program files (x86)/microchip/xc32/v1.40/bin/bin/../../lib/gcc/pic32mx/4.8.3/../../../../pic32mx/lib\libc.a(doprnt_cdnopsuxX.eo)
 .debug_info    0x00004926       0xb7 c:/program files (x86)/microchip/xc32/v1.40/bin/bin/../../lib/gcc/pic32mx/4.8.3/../../../../pic32mx/lib\libc.a(_flsbuf_simple.o)
 .debug_info    0x000049dd       0xae c:/program files (x86)/microchip/xc32/v1.40/bin/bin/../../lib/gcc/pic32mx/4.8.3/../../../../pic32mx/lib\libpic32.a(write.o)
 .debug_info    0x00004a8b       0xb6 c:/program files (x86)/microchip/xc32/v1.40/bin/bin/../../lib/gcc/pic32mx/4.8.3/../../../../pic32mx/lib\libpic32.a(_mon_putc.o)
 .debug_info    0x00004b41      0x74f c:/program files (x86)/microchip/xc32/v1.40/bin/bin/../../lib/gcc/pic32mx/4.8.3\libgcc.a(_udivdi3.o)
 .debug_info    0x00005290      0x78c c:/program files (x86)/microchip/xc32/v1.40/bin/bin/../../lib/gcc/pic32mx/4.8.3\libgcc.a(_umoddi3.o)

.debug_abbrev   0x00000000      0xb8a
 *(.debug_abbrev)
 .debug_abbrev  0x00000000      0x2e8 build/default/production/BOARD.o
 .debug_abbrev  0x000002e8      0x235 build/default/production/toaster_oven.o
 .debug_abbrev  0x0000051d       0x28 c:/program files (x86)/microchip/xc32/v1.40/bin/bin/../../lib/gcc/pic32mx/4.8.3/../../../../pic32mx/lib\libmchp_peripheral.a(read_core_timer_lib.o)
 .debug_abbrev  0x00000545       0x28 c:/program files (x86)/microchip/xc32/v1.40/bin/bin/../../lib/gcc/pic32mx/4.8.3/../../../../pic32mx/lib\libmchp_peripheral_32MX340F512H.a(pcache.o)
 .debug_abbrev  0x0000056d       0x37 c:/program files (x86)/microchip/xc32/v1.40/bin/bin/../../lib/gcc/pic32mx/4.8.3/../../../../pic32mx/lib\libmchp_peripheral_32MX340F512H.a(osc_config_lib.o)
 .debug_abbrev  0x000005a4       0x28 c:/program files (x86)/microchip/xc32/v1.40/bin/bin/../../lib/gcc/pic32mx/4.8.3/../../../../pic32mx/lib\libmchp_peripheral_32MX340F512H.a(int_disable_interrupts_lib.o)
 .debug_abbrev  0x000005cc       0x28 c:/program files (x86)/microchip/xc32/v1.40/bin/bin/../../lib/gcc/pic32mx/4.8.3/../../../../pic32mx/lib\libmchp_peripheral_32MX340F512H.a(int_restore_interrupts_lib.o)
 .debug_abbrev  0x000005f4       0x28 c:/program files (x86)/microchip/xc32/v1.40/bin/bin/../../lib/gcc/pic32mx/4.8.3/../../../../pic32mx/lib\libmchp_peripheral_32MX340F512H.a(int_tbl_lib.o)
 .debug_abbrev  0x0000061c       0x28 c:/program files (x86)/microchip/xc32/v1.40/bin/bin/../../lib/gcc/pic32mx/4.8.3/../../../../pic32mx/lib\libmchp_peripheral_32MX340F512H.a(spi_chn_open_lib.o)
 .debug_abbrev  0x00000644       0x28 c:/program files (x86)/microchip/xc32/v1.40/bin/bin/../../lib/gcc/pic32mx/4.8.3/../../../../pic32mx/lib\libmchp_peripheral_32MX340F512H.a(port_set_pins_digital_in_lib.o)
 .debug_abbrev  0x0000066c       0x28 c:/program files (x86)/microchip/xc32/v1.40/bin/bin/../../lib/gcc/pic32mx/4.8.3/../../../../pic32mx/lib\libmchp_peripheral_32MX340F512H.a(port_set_pins_digital_out_lib.o)
 .debug_abbrev  0x00000694       0x28 c:/program files (x86)/microchip/xc32/v1.40/bin/bin/../../lib/gcc/pic32mx/4.8.3/../../../../pic32mx/lib\libmchp_peripheral_32MX340F512H.a(port_clear_bits_lib.o)
 .debug_abbrev  0x000006bc       0x28 c:/program files (x86)/microchip/xc32/v1.40/bin/bin/../../lib/gcc/pic32mx/4.8.3/../../../../pic32mx/lib\libmchp_peripheral_32MX340F512H.a(port_set_bits_lib.o)
 .debug_abbrev  0x000006e4       0x28 c:/program files (x86)/microchip/xc32/v1.40/bin/bin/../../lib/gcc/pic32mx/4.8.3/../../../../pic32mx/lib\libpic32.a(default-bootstrap-exception-handler.o)
 .debug_abbrev  0x0000070c       0x28 c:/program files (x86)/microchip/xc32/v1.40/bin/bin/../../lib/gcc/pic32mx/4.8.3/../../../../pic32mx/lib\libpic32.a(default-on-reset.o)
 .debug_abbrev  0x00000734       0x28 c:/program files (x86)/microchip/xc32/v1.40/bin/bin/../../lib/gcc/pic32mx/4.8.3/../../../../pic32mx/lib\libpic32.a(default-on-bootstrap.o)
 .debug_abbrev  0x0000075c       0x28 c:/program files (x86)/microchip/xc32/v1.40/bin/bin/../../lib/gcc/pic32mx/4.8.3/../../../../pic32mx/lib\libpic32.a(default-general-exception-handler.o)
 .debug_abbrev  0x00000784       0x28 c:/program files (x86)/microchip/xc32/v1.40/bin/bin/../../lib/gcc/pic32mx/4.8.3/../../../../pic32mx/lib\libpic32.a(defaultinterrupt.o)
 .debug_abbrev  0x000007ac       0x28 c:/program files (x86)/microchip/xc32/v1.40/bin/bin/../../lib/gcc/pic32mx/4.8.3/../../../../pic32mx/lib\libc.a(puts.o)
 .debug_abbrev  0x000007d4       0x47 c:/program files (x86)/microchip/xc32/v1.40/bin/bin/../../lib/gcc/pic32mx/4.8.3/../../../../pic32mx/lib\libc.a(rand.o)
 .debug_abbrev  0x0000081b       0x28 c:/program files (x86)/microchip/xc32/v1.40/bin/bin/../../lib/gcc/pic32mx/4.8.3/../../../../pic32mx/lib\libc.a(sprintf_cdnopsuxX.eo)
 .debug_abbrev  0x00000843       0x28 c:/program files (x86)/microchip/xc32/v1.40/bin/bin/../../lib/gcc/pic32mx/4.8.3/../../../../pic32mx/lib\libc.a(_fputc_simple.o)
 .debug_abbrev  0x0000086b       0x28 c:/program files (x86)/microchip/xc32/v1.40/bin/bin/../../lib/gcc/pic32mx/4.8.3/../../../../pic32mx/lib\libc.a(doprnt_cdnopsuxX.eo)
 .debug_abbrev  0x00000893       0x28 c:/program files (x86)/microchip/xc32/v1.40/bin/bin/../../lib/gcc/pic32mx/4.8.3/../../../../pic32mx/lib\libc.a(_flsbuf_simple.o)
 .debug_abbrev  0x000008bb       0x28 c:/program files (x86)/microchip/xc32/v1.40/bin/bin/../../lib/gcc/pic32mx/4.8.3/../../../../pic32mx/lib\libpic32.a(write.o)
 .debug_abbrev  0x000008e3       0x28 c:/program files (x86)/microchip/xc32/v1.40/bin/bin/../../lib/gcc/pic32mx/4.8.3/../../../../pic32mx/lib\libpic32.a(_mon_putc.o)
 .debug_abbrev  0x0000090b      0x138 c:/program files (x86)/microchip/xc32/v1.40/bin/bin/../../lib/gcc/pic32mx/4.8.3\libgcc.a(_udivdi3.o)
 .debug_abbrev  0x00000a43      0x147 c:/program files (x86)/microchip/xc32/v1.40/bin/bin/../../lib/gcc/pic32mx/4.8.3\libgcc.a(_umoddi3.o)

.debug_line     0x00000000     0x13bc
 *(.debug_line)
 .debug_line    0x00000000      0x36b build/default/production/BOARD.o
 .debug_line    0x0000036b      0x332 build/default/production/toaster_oven.o
 .debug_line    0x0000069d       0x6b c:/program files (x86)/microchip/xc32/v1.40/bin/bin/../../lib/gcc/pic32mx/4.8.3/../../../../pic32mx/lib\libmchp_peripheral.a(read_core_timer_lib.o)
 .debug_line    0x00000708       0x5f c:/program files (x86)/microchip/xc32/v1.40/bin/bin/../../lib/gcc/pic32mx/4.8.3/../../../../pic32mx/lib\libmchp_peripheral_32MX340F512H.a(pcache.o)
 .debug_line    0x00000767       0xa5 c:/program files (x86)/microchip/xc32/v1.40/bin/bin/../../lib/gcc/pic32mx/4.8.3/../../../../pic32mx/lib\libmchp_peripheral_32MX340F512H.a(osc_config_lib.o)
 .debug_line    0x0000080c       0x70 c:/program files (x86)/microchip/xc32/v1.40/bin/bin/../../lib/gcc/pic32mx/4.8.3/../../../../pic32mx/lib\libmchp_peripheral_32MX340F512H.a(int_disable_interrupts_lib.o)
 .debug_line    0x0000087c       0x70 c:/program files (x86)/microchip/xc32/v1.40/bin/bin/../../lib/gcc/pic32mx/4.8.3/../../../../pic32mx/lib\libmchp_peripheral_32MX340F512H.a(int_restore_interrupts_lib.o)
 .debug_line    0x000008ec       0x61 c:/program files (x86)/microchip/xc32/v1.40/bin/bin/../../lib/gcc/pic32mx/4.8.3/../../../../pic32mx/lib\libmchp_peripheral_32MX340F512H.a(int_tbl_lib.o)
 .debug_line    0x0000094d       0x66 c:/program files (x86)/microchip/xc32/v1.40/bin/bin/../../lib/gcc/pic32mx/4.8.3/../../../../pic32mx/lib\libmchp_peripheral_32MX340F512H.a(spi_chn_open_lib.o)
 .debug_line    0x000009b3        0x0 c:/program files (x86)/microchip/xc32/v1.40/bin/bin/../../lib/gcc/pic32mx/4.8.3/../../../../pic32mx/lib\libmchp_peripheral_32MX340F512H.a(spi_io_tbl_libp.o)
 .debug_line    0x000009b3        0x0 c:/program files (x86)/microchip/xc32/v1.40/bin/bin/../../lib/gcc/pic32mx/4.8.3/../../../../pic32mx/lib\libmchp_peripheral_32MX340F512H.a(spi_map_tbl_libp.o)
 .debug_line    0x000009b3       0x74 c:/program files (x86)/microchip/xc32/v1.40/bin/bin/../../lib/gcc/pic32mx/4.8.3/../../../../pic32mx/lib\libmchp_peripheral_32MX340F512H.a(port_set_pins_digital_in_lib.o)
 .debug_line    0x00000a27       0x75 c:/program files (x86)/microchip/xc32/v1.40/bin/bin/../../lib/gcc/pic32mx/4.8.3/../../../../pic32mx/lib\libmchp_peripheral_32MX340F512H.a(port_set_pins_digital_out_lib.o)
 .debug_line    0x00000a9c       0x6b c:/program files (x86)/microchip/xc32/v1.40/bin/bin/../../lib/gcc/pic32mx/4.8.3/../../../../pic32mx/lib\libmchp_peripheral_32MX340F512H.a(port_clear_bits_lib.o)
 .debug_line    0x00000b07       0x69 c:/program files (x86)/microchip/xc32/v1.40/bin/bin/../../lib/gcc/pic32mx/4.8.3/../../../../pic32mx/lib\libmchp_peripheral_32MX340F512H.a(port_set_bits_lib.o)
 .debug_line    0x00000b70        0x0 c:/program files (x86)/microchip/xc32/v1.40/bin/bin/../../lib/gcc/pic32mx/4.8.3/../../../../pic32mx/lib\libmchp_peripheral_32MX340F512H.a(_ports_tbl_libp.o)
 .debug_line    0x00000b70       0x97 c:/program files (x86)/microchip/xc32/v1.40/bin/bin/../../lib/gcc/pic32mx/4.8.3/../../../../pic32mx/lib\libpic32.a(default-bootstrap-exception-handler.o)
 .debug_line    0x00000c07       0x84 c:/program files (x86)/microchip/xc32/v1.40/bin/bin/../../lib/gcc/pic32mx/4.8.3/../../../../pic32mx/lib\libpic32.a(default-on-reset.o)
 .debug_line    0x00000c8b       0x88 c:/program files (x86)/microchip/xc32/v1.40/bin/bin/../../lib/gcc/pic32mx/4.8.3/../../../../pic32mx/lib\libpic32.a(default-on-bootstrap.o)
 .debug_line    0x00000d13        0x0 c:/program files (x86)/microchip/xc32/v1.40/bin/bin/../../lib/gcc/pic32mx/4.8.3/../../../../pic32mx/lib\libpic32.a(xc32_uart.o)
 .debug_line    0x00000d13       0x95 c:/program files (x86)/microchip/xc32/v1.40/bin/bin/../../lib/gcc/pic32mx/4.8.3/../../../../pic32mx/lib\libpic32.a(default-general-exception-handler.o)
 .debug_line    0x00000da8       0x96 c:/program files (x86)/microchip/xc32/v1.40/bin/bin/../../lib/gcc/pic32mx/4.8.3/../../../../pic32mx/lib\libpic32.a(defaultinterrupt.o)
 .debug_line    0x00000e3e       0x6e c:/program files (x86)/microchip/xc32/v1.40/bin/bin/../../lib/gcc/pic32mx/4.8.3/../../../../pic32mx/lib\libc.a(puts.o)
 .debug_line    0x00000eac       0x6e c:/program files (x86)/microchip/xc32/v1.40/bin/bin/../../lib/gcc/pic32mx/4.8.3/../../../../pic32mx/lib\libc.a(rand.o)
 .debug_line    0x00000f1a       0x71 c:/program files (x86)/microchip/xc32/v1.40/bin/bin/../../lib/gcc/pic32mx/4.8.3/../../../../pic32mx/lib\libc.a(sprintf_cdnopsuxX.eo)
 .debug_line    0x00000f8b        0x0 c:/program files (x86)/microchip/xc32/v1.40/bin/bin/../../lib/gcc/pic32mx/4.8.3/../../../../pic32mx/lib\libc.a(_iob.o)
 .debug_line    0x00000f8b       0x6f c:/program files (x86)/microchip/xc32/v1.40/bin/bin/../../lib/gcc/pic32mx/4.8.3/../../../../pic32mx/lib\libc.a(_fputc_simple.o)
 .debug_line    0x00000ffa       0x70 c:/program files (x86)/microchip/xc32/v1.40/bin/bin/../../lib/gcc/pic32mx/4.8.3/../../../../pic32mx/lib\libc.a(doprnt_cdnopsuxX.eo)
 .debug_line    0x0000106a       0x70 c:/program files (x86)/microchip/xc32/v1.40/bin/bin/../../lib/gcc/pic32mx/4.8.3/../../../../pic32mx/lib\libc.a(_flsbuf_simple.o)
 .debug_line    0x000010da        0x0 c:/program files (x86)/microchip/xc32/v1.40/bin/bin/../../lib/gcc/pic32mx/4.8.3/../../../../pic32mx/lib\libc.a(ctype.o)
 .debug_line    0x000010da       0x79 c:/program files (x86)/microchip/xc32/v1.40/bin/bin/../../lib/gcc/pic32mx/4.8.3/../../../../pic32mx/lib\libpic32.a(write.o)
 .debug_line    0x00001153       0x7d c:/program files (x86)/microchip/xc32/v1.40/bin/bin/../../lib/gcc/pic32mx/4.8.3/../../../../pic32mx/lib\libpic32.a(_mon_putc.o)
 .debug_line    0x000011d0       0xed c:/program files (x86)/microchip/xc32/v1.40/bin/bin/../../lib/gcc/pic32mx/4.8.3\libgcc.a(_udivdi3.o)
 .debug_line    0x000012bd       0xff c:/program files (x86)/microchip/xc32/v1.40/bin/bin/../../lib/gcc/pic32mx/4.8.3\libgcc.a(_umoddi3.o)

.debug_frame    0x00000000      0x678
 *(.debug_frame)
 .debug_frame   0x00000000       0xcc build/default/production/BOARD.o
 .debug_frame   0x000000cc      0x114 build/default/production/toaster_oven.o
 .debug_frame   0x000001e0       0x20 c:/program files (x86)/microchip/xc32/v1.40/bin/bin/../../lib/gcc/pic32mx/4.8.3/../../../../pic32mx/lib\libmchp_peripheral.a(read_core_timer_lib.o)
 .debug_frame   0x00000200       0x30 c:/program files (x86)/microchip/xc32/v1.40/bin/bin/../../lib/gcc/pic32mx/4.8.3/../../../../pic32mx/lib\libmchp_peripheral_32MX340F512H.a(pcache.o)
 .debug_frame   0x00000230       0x30 c:/program files (x86)/microchip/xc32/v1.40/bin/bin/../../lib/gcc/pic32mx/4.8.3/../../../../pic32mx/lib\libmchp_peripheral_32MX340F512H.a(osc_config_lib.o)
 .debug_frame   0x00000260       0x20 c:/program files (x86)/microchip/xc32/v1.40/bin/bin/../../lib/gcc/pic32mx/4.8.3/../../../../pic32mx/lib\libmchp_peripheral_32MX340F512H.a(int_disable_interrupts_lib.o)
 .debug_frame   0x00000280       0x20 c:/program files (x86)/microchip/xc32/v1.40/bin/bin/../../lib/gcc/pic32mx/4.8.3/../../../../pic32mx/lib\libmchp_peripheral_32MX340F512H.a(int_restore_interrupts_lib.o)
 .debug_frame   0x000002a0       0xa0 c:/program files (x86)/microchip/xc32/v1.40/bin/bin/../../lib/gcc/pic32mx/4.8.3/../../../../pic32mx/lib\libmchp_peripheral_32MX340F512H.a(int_tbl_lib.o)
 .debug_frame   0x00000340       0x34 c:/program files (x86)/microchip/xc32/v1.40/bin/bin/../../lib/gcc/pic32mx/4.8.3/../../../../pic32mx/lib\libmchp_peripheral_32MX340F512H.a(spi_chn_open_lib.o)
 .debug_frame   0x00000374       0x20 c:/program files (x86)/microchip/xc32/v1.40/bin/bin/../../lib/gcc/pic32mx/4.8.3/../../../../pic32mx/lib\libmchp_peripheral_32MX340F512H.a(port_set_pins_digital_in_lib.o)
 .debug_frame   0x00000394       0x20 c:/program files (x86)/microchip/xc32/v1.40/bin/bin/../../lib/gcc/pic32mx/4.8.3/../../../../pic32mx/lib\libmchp_peripheral_32MX340F512H.a(port_set_pins_digital_out_lib.o)
 .debug_frame   0x000003b4       0x20 c:/program files (x86)/microchip/xc32/v1.40/bin/bin/../../lib/gcc/pic32mx/4.8.3/../../../../pic32mx/lib\libmchp_peripheral_32MX340F512H.a(port_clear_bits_lib.o)
 .debug_frame   0x000003d4       0x20 c:/program files (x86)/microchip/xc32/v1.40/bin/bin/../../lib/gcc/pic32mx/4.8.3/../../../../pic32mx/lib\libmchp_peripheral_32MX340F512H.a(port_set_bits_lib.o)
 .debug_frame   0x000003f4       0x2c c:/program files (x86)/microchip/xc32/v1.40/bin/bin/../../lib/gcc/pic32mx/4.8.3/../../../../pic32mx/lib\libpic32.a(default-bootstrap-exception-handler.o)
 .debug_frame   0x00000420       0x20 c:/program files (x86)/microchip/xc32/v1.40/bin/bin/../../lib/gcc/pic32mx/4.8.3/../../../../pic32mx/lib\libpic32.a(default-on-reset.o)
 .debug_frame   0x00000440       0x20 c:/program files (x86)/microchip/xc32/v1.40/bin/bin/../../lib/gcc/pic32mx/4.8.3/../../../../pic32mx/lib\libpic32.a(default-on-bootstrap.o)
 .debug_frame   0x00000460       0x2c c:/program files (x86)/microchip/xc32/v1.40/bin/bin/../../lib/gcc/pic32mx/4.8.3/../../../../pic32mx/lib\libpic32.a(default-general-exception-handler.o)
 .debug_frame   0x0000048c       0x20 c:/program files (x86)/microchip/xc32/v1.40/bin/bin/../../lib/gcc/pic32mx/4.8.3/../../../../pic32mx/lib\libpic32.a(defaultinterrupt.o)
 .debug_frame   0x000004ac       0x48 c:/program files (x86)/microchip/xc32/v1.40/bin/bin/../../lib/gcc/pic32mx/4.8.3/../../../../pic32mx/lib\libc.a(puts.o)
 .debug_frame   0x000004f4       0x30 c:/program files (x86)/microchip/xc32/v1.40/bin/bin/../../lib/gcc/pic32mx/4.8.3/../../../../pic32mx/lib\libc.a(rand.o)
 .debug_frame   0x00000524       0x28 c:/program files (x86)/microchip/xc32/v1.40/bin/bin/../../lib/gcc/pic32mx/4.8.3/../../../../pic32mx/lib\libc.a(sprintf_cdnopsuxX.eo)
 .debug_frame   0x0000054c       0x2c c:/program files (x86)/microchip/xc32/v1.40/bin/bin/../../lib/gcc/pic32mx/4.8.3/../../../../pic32mx/lib\libc.a(_fputc_simple.o)
 .debug_frame   0x00000578       0x38 c:/program files (x86)/microchip/xc32/v1.40/bin/bin/../../lib/gcc/pic32mx/4.8.3/../../../../pic32mx/lib\libc.a(doprnt_cdnopsuxX.eo)
 .debug_frame   0x000005b0       0x28 c:/program files (x86)/microchip/xc32/v1.40/bin/bin/../../lib/gcc/pic32mx/4.8.3/../../../../pic32mx/lib\libc.a(_flsbuf_simple.o)
 .debug_frame   0x000005d8       0x38 c:/program files (x86)/microchip/xc32/v1.40/bin/bin/../../lib/gcc/pic32mx/4.8.3/../../../../pic32mx/lib\libpic32.a(write.o)
 .debug_frame   0x00000610       0x28 c:/program files (x86)/microchip/xc32/v1.40/bin/bin/../../lib/gcc/pic32mx/4.8.3/../../../../pic32mx/lib\libpic32.a(_mon_putc.o)
 .debug_frame   0x00000638       0x20 c:/program files (x86)/microchip/xc32/v1.40/bin/bin/../../lib/gcc/pic32mx/4.8.3\libgcc.a(_udivdi3.o)
 .debug_frame   0x00000658       0x20 c:/program files (x86)/microchip/xc32/v1.40/bin/bin/../../lib/gcc/pic32mx/4.8.3\libgcc.a(_umoddi3.o)

.debug_str      0x00000000       0x40
 *(.debug_str)
 .debug_str     0x00000000       0x37 build/default/production/BOARD.o
 .debug_str     0x00000037        0x9 build/default/production/toaster_oven.o
 .debug_str     0x00000040        0x0 c:/program files (x86)/microchip/xc32/v1.40/bin/bin/../../lib/gcc/pic32mx/4.8.3/../../../../pic32mx/lib\libmchp_peripheral.a(read_core_timer_lib.o)
 .debug_str     0x00000040        0x0 c:/program files (x86)/microchip/xc32/v1.40/bin/bin/../../lib/gcc/pic32mx/4.8.3/../../../../pic32mx/lib\libmchp_peripheral_32MX340F512H.a(pcache.o)
 .debug_str     0x00000040        0x0 c:/program files (x86)/microchip/xc32/v1.40/bin/bin/../../lib/gcc/pic32mx/4.8.3/../../../../pic32mx/lib\libmchp_peripheral_32MX340F512H.a(osc_config_lib.o)
 .debug_str     0x00000040        0x0 c:/program files (x86)/microchip/xc32/v1.40/bin/bin/../../lib/gcc/pic32mx/4.8.3/../../../../pic32mx/lib\libmchp_peripheral_32MX340F512H.a(int_disable_interrupts_lib.o)
 .debug_str     0x00000040        0x0 c:/program files (x86)/microchip/xc32/v1.40/bin/bin/../../lib/gcc/pic32mx/4.8.3/../../../../pic32mx/lib\libmchp_peripheral_32MX340F512H.a(int_restore_interrupts_lib.o)
 .debug_str     0x00000040        0x0 c:/program files (x86)/microchip/xc32/v1.40/bin/bin/../../lib/gcc/pic32mx/4.8.3/../../../../pic32mx/lib\libmchp_peripheral_32MX340F512H.a(int_tbl_lib.o)
 .debug_str     0x00000040        0x0 c:/program files (x86)/microchip/xc32/v1.40/bin/bin/../../lib/gcc/pic32mx/4.8.3/../../../../pic32mx/lib\libmchp_peripheral_32MX340F512H.a(spi_chn_open_lib.o)
 .debug_str     0x00000040        0x0 c:/program files (x86)/microchip/xc32/v1.40/bin/bin/../../lib/gcc/pic32mx/4.8.3/../../../../pic32mx/lib\libmchp_peripheral_32MX340F512H.a(spi_io_tbl_libp.o)
 .debug_str     0x00000040        0x0 c:/program files (x86)/microchip/xc32/v1.40/bin/bin/../../lib/gcc/pic32mx/4.8.3/../../../../pic32mx/lib\libmchp_peripheral_32MX340F512H.a(spi_map_tbl_libp.o)
 .debug_str     0x00000040        0x0 c:/program files (x86)/microchip/xc32/v1.40/bin/bin/../../lib/gcc/pic32mx/4.8.3/../../../../pic32mx/lib\libmchp_peripheral_32MX340F512H.a(port_set_pins_digital_in_lib.o)
 .debug_str     0x00000040        0x0 c:/program files (x86)/microchip/xc32/v1.40/bin/bin/../../lib/gcc/pic32mx/4.8.3/../../../../pic32mx/lib\libmchp_peripheral_32MX340F512H.a(port_set_pins_digital_out_lib.o)
 .debug_str     0x00000040        0x0 c:/program files (x86)/microchip/xc32/v1.40/bin/bin/../../lib/gcc/pic32mx/4.8.3/../../../../pic32mx/lib\libmchp_peripheral_32MX340F512H.a(port_clear_bits_lib.o)
 .debug_str     0x00000040        0x0 c:/program files (x86)/microchip/xc32/v1.40/bin/bin/../../lib/gcc/pic32mx/4.8.3/../../../../pic32mx/lib\libmchp_peripheral_32MX340F512H.a(port_set_bits_lib.o)
 .debug_str     0x00000040        0x0 c:/program files (x86)/microchip/xc32/v1.40/bin/bin/../../lib/gcc/pic32mx/4.8.3/../../../../pic32mx/lib\libmchp_peripheral_32MX340F512H.a(_ports_tbl_libp.o)
 .debug_str     0x00000040        0x0 c:/program files (x86)/microchip/xc32/v1.40/bin/bin/../../lib/gcc/pic32mx/4.8.3/../../../../pic32mx/lib\libpic32.a(default-bootstrap-exception-handler.o)
 .debug_str     0x00000040        0x0 c:/program files (x86)/microchip/xc32/v1.40/bin/bin/../../lib/gcc/pic32mx/4.8.3/../../../../pic32mx/lib\libpic32.a(default-on-reset.o)
 .debug_str     0x00000040        0x0 c:/program files (x86)/microchip/xc32/v1.40/bin/bin/../../lib/gcc/pic32mx/4.8.3/../../../../pic32mx/lib\libpic32.a(default-on-bootstrap.o)
 .debug_str     0x00000040        0x0 c:/program files (x86)/microchip/xc32/v1.40/bin/bin/../../lib/gcc/pic32mx/4.8.3/../../../../pic32mx/lib\libpic32.a(xc32_uart.o)
 .debug_str     0x00000040        0x0 c:/program files (x86)/microchip/xc32/v1.40/bin/bin/../../lib/gcc/pic32mx/4.8.3/../../../../pic32mx/lib\libpic32.a(default-general-exception-handler.o)
 .debug_str     0x00000040        0x0 c:/program files (x86)/microchip/xc32/v1.40/bin/bin/../../lib/gcc/pic32mx/4.8.3/../../../../pic32mx/lib\libpic32.a(defaultinterrupt.o)
 .debug_str     0x00000040        0x0 c:/program files (x86)/microchip/xc32/v1.40/bin/bin/../../lib/gcc/pic32mx/4.8.3/../../../../pic32mx/lib\libc.a(puts.o)
 .debug_str     0x00000040        0x0 c:/program files (x86)/microchip/xc32/v1.40/bin/bin/../../lib/gcc/pic32mx/4.8.3/../../../../pic32mx/lib\libc.a(rand.o)
 .debug_str     0x00000040        0x0 c:/program files (x86)/microchip/xc32/v1.40/bin/bin/../../lib/gcc/pic32mx/4.8.3/../../../../pic32mx/lib\libc.a(sprintf_cdnopsuxX.eo)
 .debug_str     0x00000040        0x0 c:/program files (x86)/microchip/xc32/v1.40/bin/bin/../../lib/gcc/pic32mx/4.8.3/../../../../pic32mx/lib\libc.a(_iob.o)
 .debug_str     0x00000040        0x0 c:/program files (x86)/microchip/xc32/v1.40/bin/bin/../../lib/gcc/pic32mx/4.8.3/../../../../pic32mx/lib\libc.a(_fputc_simple.o)
 .debug_str     0x00000040        0x0 c:/program files (x86)/microchip/xc32/v1.40/bin/bin/../../lib/gcc/pic32mx/4.8.3/../../../../pic32mx/lib\libc.a(doprnt_cdnopsuxX.eo)
 .debug_str     0x00000040        0x0 c:/program files (x86)/microchip/xc32/v1.40/bin/bin/../../lib/gcc/pic32mx/4.8.3/../../../../pic32mx/lib\libc.a(_flsbuf_simple.o)
 .debug_str     0x00000040        0x0 c:/program files (x86)/microchip/xc32/v1.40/bin/bin/../../lib/gcc/pic32mx/4.8.3/../../../../pic32mx/lib\libc.a(ctype.o)
 .debug_str     0x00000040        0x0 c:/program files (x86)/microchip/xc32/v1.40/bin/bin/../../lib/gcc/pic32mx/4.8.3/../../../../pic32mx/lib\libpic32.a(write.o)
 .debug_str     0x00000040        0x0 c:/program files (x86)/microchip/xc32/v1.40/bin/bin/../../lib/gcc/pic32mx/4.8.3/../../../../pic32mx/lib\libpic32.a(_mon_putc.o)
 .debug_str     0x00000040        0x0 c:/program files (x86)/microchip/xc32/v1.40/bin/bin/../../lib/gcc/pic32mx/4.8.3\libgcc.a(_udivdi3.o)
 .debug_str     0x00000040        0x0 c:/program files (x86)/microchip/xc32/v1.40/bin/bin/../../lib/gcc/pic32mx/4.8.3\libgcc.a(_umoddi3.o)

.debug_loc      0x00000000     0x14a7
 *(.debug_loc)
 .debug_loc     0x00000000      0xa6a c:/program files (x86)/microchip/xc32/v1.40/bin/bin/../../lib/gcc/pic32mx/4.8.3\libgcc.a(_udivdi3.o)
 .debug_loc     0x00000a6a      0xa3d c:/program files (x86)/microchip/xc32/v1.40/bin/bin/../../lib/gcc/pic32mx/4.8.3\libgcc.a(_umoddi3.o)

.debug_macinfo
 *(.debug_macinfo)

.debug_weaknames
 *(.debug_weaknames)

.debug_funcnames
 *(.debug_funcnames)

.debug_typenames
 *(.debug_typenames)

.debug_varnames
 *(.debug_varnames)

.debug_pubtypes
 *(.debug_pubtypes)

.debug_ranges   0x00000000      0x348
 *(.debug_ranges)
 .debug_ranges  0x00000000       0x10 c:/program files (x86)/microchip/xc32/v1.40/bin/bin/../../lib/gcc/pic32mx/4.8.3/../../../../pic32mx/lib\libmchp_peripheral.a(read_core_timer_lib.o)
 .debug_ranges  0x00000010       0x18 c:/program files (x86)/microchip/xc32/v1.40/bin/bin/../../lib/gcc/pic32mx/4.8.3/../../../../pic32mx/lib\libmchp_peripheral_32MX340F512H.a(pcache.o)
 .debug_ranges  0x00000028       0x10 c:/program files (x86)/microchip/xc32/v1.40/bin/bin/../../lib/gcc/pic32mx/4.8.3/../../../../pic32mx/lib\libmchp_peripheral_32MX340F512H.a(osc_config_lib.o)
 .debug_ranges  0x00000038       0x10 c:/program files (x86)/microchip/xc32/v1.40/bin/bin/../../lib/gcc/pic32mx/4.8.3/../../../../pic32mx/lib\libmchp_peripheral_32MX340F512H.a(int_disable_interrupts_lib.o)
 .debug_ranges  0x00000048       0x10 c:/program files (x86)/microchip/xc32/v1.40/bin/bin/../../lib/gcc/pic32mx/4.8.3/../../../../pic32mx/lib\libmchp_peripheral_32MX340F512H.a(int_restore_interrupts_lib.o)
 .debug_ranges  0x00000058       0x50 c:/program files (x86)/microchip/xc32/v1.40/bin/bin/../../lib/gcc/pic32mx/4.8.3/../../../../pic32mx/lib\libmchp_peripheral_32MX340F512H.a(int_tbl_lib.o)
 .debug_ranges  0x000000a8       0x10 c:/program files (x86)/microchip/xc32/v1.40/bin/bin/../../lib/gcc/pic32mx/4.8.3/../../../../pic32mx/lib\libmchp_peripheral_32MX340F512H.a(spi_chn_open_lib.o)
 .debug_ranges  0x000000b8       0x10 c:/program files (x86)/microchip/xc32/v1.40/bin/bin/../../lib/gcc/pic32mx/4.8.3/../../../../pic32mx/lib\libmchp_peripheral_32MX340F512H.a(port_set_pins_digital_in_lib.o)
 .debug_ranges  0x000000c8       0x10 c:/program files (x86)/microchip/xc32/v1.40/bin/bin/../../lib/gcc/pic32mx/4.8.3/../../../../pic32mx/lib\libmchp_peripheral_32MX340F512H.a(port_set_pins_digital_out_lib.o)
 .debug_ranges  0x000000d8       0x10 c:/program files (x86)/microchip/xc32/v1.40/bin/bin/../../lib/gcc/pic32mx/4.8.3/../../../../pic32mx/lib\libmchp_peripheral_32MX340F512H.a(port_clear_bits_lib.o)
 .debug_ranges  0x000000e8       0x10 c:/program files (x86)/microchip/xc32/v1.40/bin/bin/../../lib/gcc/pic32mx/4.8.3/../../../../pic32mx/lib\libmchp_peripheral_32MX340F512H.a(port_set_bits_lib.o)
 .debug_ranges  0x000000f8       0x10 c:/program files (x86)/microchip/xc32/v1.40/bin/bin/../../lib/gcc/pic32mx/4.8.3/../../../../pic32mx/lib\libpic32.a(default-bootstrap-exception-handler.o)
 .debug_ranges  0x00000108       0x10 c:/program files (x86)/microchip/xc32/v1.40/bin/bin/../../lib/gcc/pic32mx/4.8.3/../../../../pic32mx/lib\libpic32.a(default-on-reset.o)
 .debug_ranges  0x00000118       0x10 c:/program files (x86)/microchip/xc32/v1.40/bin/bin/../../lib/gcc/pic32mx/4.8.3/../../../../pic32mx/lib\libpic32.a(default-on-bootstrap.o)
 .debug_ranges  0x00000128       0x10 c:/program files (x86)/microchip/xc32/v1.40/bin/bin/../../lib/gcc/pic32mx/4.8.3/../../../../pic32mx/lib\libpic32.a(default-general-exception-handler.o)
 .debug_ranges  0x00000138       0x10 c:/program files (x86)/microchip/xc32/v1.40/bin/bin/../../lib/gcc/pic32mx/4.8.3/../../../../pic32mx/lib\libpic32.a(defaultinterrupt.o)
 .debug_ranges  0x00000148       0x18 c:/program files (x86)/microchip/xc32/v1.40/bin/bin/../../lib/gcc/pic32mx/4.8.3/../../../../pic32mx/lib\libc.a(puts.o)
 .debug_ranges  0x00000160       0x18 c:/program files (x86)/microchip/xc32/v1.40/bin/bin/../../lib/gcc/pic32mx/4.8.3/../../../../pic32mx/lib\libc.a(rand.o)
 .debug_ranges  0x00000178       0x10 c:/program files (x86)/microchip/xc32/v1.40/bin/bin/../../lib/gcc/pic32mx/4.8.3/../../../../pic32mx/lib\libc.a(sprintf_cdnopsuxX.eo)
 .debug_ranges  0x00000188       0x10 c:/program files (x86)/microchip/xc32/v1.40/bin/bin/../../lib/gcc/pic32mx/4.8.3/../../../../pic32mx/lib\libc.a(_fputc_simple.o)
 .debug_ranges  0x00000198       0x10 c:/program files (x86)/microchip/xc32/v1.40/bin/bin/../../lib/gcc/pic32mx/4.8.3/../../../../pic32mx/lib\libc.a(doprnt_cdnopsuxX.eo)
 .debug_ranges  0x000001a8       0x10 c:/program files (x86)/microchip/xc32/v1.40/bin/bin/../../lib/gcc/pic32mx/4.8.3/../../../../pic32mx/lib\libc.a(_flsbuf_simple.o)
 .debug_ranges  0x000001b8       0x10 c:/program files (x86)/microchip/xc32/v1.40/bin/bin/../../lib/gcc/pic32mx/4.8.3/../../../../pic32mx/lib\libpic32.a(write.o)
 .debug_ranges  0x000001c8       0x10 c:/program files (x86)/microchip/xc32/v1.40/bin/bin/../../lib/gcc/pic32mx/4.8.3/../../../../pic32mx/lib\libpic32.a(_mon_putc.o)
 .debug_ranges  0x000001d8       0x98 c:/program files (x86)/microchip/xc32/v1.40/bin/bin/../../lib/gcc/pic32mx/4.8.3\libgcc.a(_udivdi3.o)
 .debug_ranges  0x00000270       0xd8 c:/program files (x86)/microchip/xc32/v1.40/bin/bin/../../lib/gcc/pic32mx/4.8.3\libgcc.a(_umoddi3.o)

.gnu.attributes
                0x00000000       0x10
 *(.gnu.attributes)
 .gnu.attributes
                0x00000000       0x10 build/default/production/BOARD.o
 .gnu.attributes
                0x00000010       0x10 build/default/production/toaster_oven.o
 .gnu.attributes
                0x00000020       0x10 Lab7SupportLib.a(Adc.o)
 .gnu.attributes
                0x00000030       0x10 Lab7SupportLib.a(Buttons.o)
 .gnu.attributes
                0x00000040       0x10 Lab7SupportLib.a(Oled.o)
 .gnu.attributes
                0x00000050       0x10 Lab7SupportLib.a(OledDriver.o)
 .gnu.attributes
                0x00000060       0x10 Lab7SupportLib.a(Ascii.o)
 .gnu.attributes
                0x00000070       0x10 c:/program files (x86)/microchip/xc32/v1.40/bin/bin/../../lib/gcc/pic32mx/4.8.3/../../../../pic32mx/lib\libmchp_peripheral.a(read_core_timer_lib.o)
 .gnu.attributes
                0x00000080       0x10 c:/program files (x86)/microchip/xc32/v1.40/bin/bin/../../lib/gcc/pic32mx/4.8.3/../../../../pic32mx/lib\libmchp_peripheral_32MX340F512H.a(pcache.o)
 .gnu.attributes
                0x00000090       0x10 c:/program files (x86)/microchip/xc32/v1.40/bin/bin/../../lib/gcc/pic32mx/4.8.3/../../../../pic32mx/lib\libmchp_peripheral_32MX340F512H.a(osc_config_lib.o)
 .gnu.attributes
                0x000000a0       0x10 c:/program files (x86)/microchip/xc32/v1.40/bin/bin/../../lib/gcc/pic32mx/4.8.3/../../../../pic32mx/lib\libmchp_peripheral_32MX340F512H.a(int_disable_interrupts_lib.o)
 .gnu.attributes
                0x000000b0       0x10 c:/program files (x86)/microchip/xc32/v1.40/bin/bin/../../lib/gcc/pic32mx/4.8.3/../../../../pic32mx/lib\libmchp_peripheral_32MX340F512H.a(int_restore_interrupts_lib.o)
 .gnu.attributes
                0x000000c0       0x10 c:/program files (x86)/microchip/xc32/v1.40/bin/bin/../../lib/gcc/pic32mx/4.8.3/../../../../pic32mx/lib\libmchp_peripheral_32MX340F512H.a(int_tbl_lib.o)
 .gnu.attributes
                0x000000d0       0x10 c:/program files (x86)/microchip/xc32/v1.40/bin/bin/../../lib/gcc/pic32mx/4.8.3/../../../../pic32mx/lib\libmchp_peripheral_32MX340F512H.a(spi_chn_open_lib.o)
 .gnu.attributes
                0x000000e0       0x10 c:/program files (x86)/microchip/xc32/v1.40/bin/bin/../../lib/gcc/pic32mx/4.8.3/../../../../pic32mx/lib\libmchp_peripheral_32MX340F512H.a(spi_io_tbl_libp.o)
 .gnu.attributes
                0x000000f0       0x10 c:/program files (x86)/microchip/xc32/v1.40/bin/bin/../../lib/gcc/pic32mx/4.8.3/../../../../pic32mx/lib\libmchp_peripheral_32MX340F512H.a(spi_map_tbl_libp.o)
 .gnu.attributes
                0x00000100       0x10 c:/program files (x86)/microchip/xc32/v1.40/bin/bin/../../lib/gcc/pic32mx/4.8.3/../../../../pic32mx/lib\libmchp_peripheral_32MX340F512H.a(port_set_pins_digital_in_lib.o)
 .gnu.attributes
                0x00000110       0x10 c:/program files (x86)/microchip/xc32/v1.40/bin/bin/../../lib/gcc/pic32mx/4.8.3/../../../../pic32mx/lib\libmchp_peripheral_32MX340F512H.a(port_set_pins_digital_out_lib.o)
 .gnu.attributes
                0x00000120       0x10 c:/program files (x86)/microchip/xc32/v1.40/bin/bin/../../lib/gcc/pic32mx/4.8.3/../../../../pic32mx/lib\libmchp_peripheral_32MX340F512H.a(port_clear_bits_lib.o)
 .gnu.attributes
                0x00000130       0x10 c:/program files (x86)/microchip/xc32/v1.40/bin/bin/../../lib/gcc/pic32mx/4.8.3/../../../../pic32mx/lib\libmchp_peripheral_32MX340F512H.a(port_set_bits_lib.o)
 .gnu.attributes
                0x00000140       0x10 c:/program files (x86)/microchip/xc32/v1.40/bin/bin/../../lib/gcc/pic32mx/4.8.3/../../../../pic32mx/lib\libmchp_peripheral_32MX340F512H.a(_ports_tbl_libp.o)
 .gnu.attributes
                0x00000150       0x10 c:/program files (x86)/microchip/xc32/v1.40/bin/bin/../../lib/gcc/pic32mx/4.8.3/../../../../pic32mx/lib\libpic32.a(default-bootstrap-exception-handler.o)
 .gnu.attributes
                0x00000160       0x10 c:/program files (x86)/microchip/xc32/v1.40/bin/bin/../../lib/gcc/pic32mx/4.8.3/../../../../pic32mx/lib\libpic32.a(default-on-reset.o)
 .gnu.attributes
                0x00000170       0x10 c:/program files (x86)/microchip/xc32/v1.40/bin/bin/../../lib/gcc/pic32mx/4.8.3/../../../../pic32mx/lib\libpic32.a(default-on-bootstrap.o)
 .gnu.attributes
                0x00000180       0x10 c:/program files (x86)/microchip/xc32/v1.40/bin/bin/../../lib/gcc/pic32mx/4.8.3/../../../../pic32mx/lib\libpic32.a(xc32_uart.o)
 .gnu.attributes
                0x00000190       0x10 c:/program files (x86)/microchip/xc32/v1.40/bin/bin/../../lib/gcc/pic32mx/4.8.3/../../../../pic32mx/lib\libpic32.a(default-general-exception-handler.o)
 .gnu.attributes
                0x000001a0       0x10 c:/program files (x86)/microchip/xc32/v1.40/bin/bin/../../lib/gcc/pic32mx/4.8.3/../../../../pic32mx/lib\libpic32.a(defaultinterrupt.o)
 .gnu.attributes
                0x000001b0       0x10 c:/program files (x86)/microchip/xc32/v1.40/bin/bin/../../lib/gcc/pic32mx/4.8.3/../../../../pic32mx/lib\libc.a(puts.o)
 .gnu.attributes
                0x000001c0       0x10 c:/program files (x86)/microchip/xc32/v1.40/bin/bin/../../lib/gcc/pic32mx/4.8.3/../../../../pic32mx/lib\libc.a(rand.o)
 .gnu.attributes
                0x000001d0       0x10 c:/program files (x86)/microchip/xc32/v1.40/bin/bin/../../lib/gcc/pic32mx/4.8.3/../../../../pic32mx/lib\libc.a(sprintf_cdnopsuxX.eo)
 .gnu.attributes
                0x000001e0       0x10 c:/program files (x86)/microchip/xc32/v1.40/bin/bin/../../lib/gcc/pic32mx/4.8.3/../../../../pic32mx/lib\libc.a(_iob.o)
 .gnu.attributes
                0x000001f0       0x10 c:/program files (x86)/microchip/xc32/v1.40/bin/bin/../../lib/gcc/pic32mx/4.8.3/../../../../pic32mx/lib\libc.a(_fputc_simple.o)
 .gnu.attributes
                0x00000200       0x10 c:/program files (x86)/microchip/xc32/v1.40/bin/bin/../../lib/gcc/pic32mx/4.8.3/../../../../pic32mx/lib\libc.a(doprnt_cdnopsuxX.eo)
 .gnu.attributes
                0x00000210       0x10 c:/program files (x86)/microchip/xc32/v1.40/bin/bin/../../lib/gcc/pic32mx/4.8.3/../../../../pic32mx/lib\libc.a(_flsbuf_simple.o)
 .gnu.attributes
                0x00000220       0x10 c:/program files (x86)/microchip/xc32/v1.40/bin/bin/../../lib/gcc/pic32mx/4.8.3/../../../../pic32mx/lib\libc.a(ctype.o)
 .gnu.attributes
                0x00000230       0x10 c:/program files (x86)/microchip/xc32/v1.40/bin/bin/../../lib/gcc/pic32mx/4.8.3/../../../../pic32mx/lib\libpic32.a(write.o)
 .gnu.attributes
                0x00000240       0x10 c:/program files (x86)/microchip/xc32/v1.40/bin/bin/../../lib/gcc/pic32mx/4.8.3/../../../../pic32mx/lib\libpic32.a(_mon_putc.o)
 .gnu.attributes
                0x00000250       0x10 c:/program files (x86)/microchip/xc32/v1.40/bin/bin/../../lib/gcc/pic32mx/4.8.3\libgcc.a(_udivdi3.o)
 .gnu.attributes
                0x00000260       0x10 c:/program files (x86)/microchip/xc32/v1.40/bin/bin/../../lib/gcc/pic32mx/4.8.3\libgcc.a(_umoddi3.o)
LOAD c:/program files (x86)/microchip/xc32/v1.40/bin/bin/../../lib/gcc/pic32mx/4.8.3\libgcc.a
START GROUP
LOAD c:/program files (x86)/microchip/xc32/v1.40/bin/bin/../../lib/gcc/pic32mx/4.8.3/../../../../pic32mx/lib\libpic32.a
LOAD c:/program files (x86)/microchip/xc32/v1.40/bin/bin/../../lib/gcc/pic32mx/4.8.3/../../../../pic32mx/lib\libdebug.a
LOAD c:/program files (x86)/microchip/xc32/v1.40/bin/bin/../../lib/gcc/pic32mx/4.8.3/../../../../pic32mx/lib\libpic32.a
LOAD c:/program files (x86)/microchip/xc32/v1.40/bin/bin/../../lib/gcc/pic32mx/4.8.3/../../../../pic32mx/lib\libm.a
LOAD c:/program files (x86)/microchip/xc32/v1.40/bin/bin/../../lib/gcc/pic32mx/4.8.3/../../../../pic32mx/lib\libe.a
LOAD c:/program files (x86)/microchip/xc32/v1.40/bin/bin/../../lib/gcc/pic32mx/4.8.3/../../../../pic32mx/lib\libdsp.a
LOAD c:/program files (x86)/microchip/xc32/v1.40/bin/bin/../../lib/gcc/pic32mx/4.8.3\libgcc.a
LOAD c:/program files (x86)/microchip/xc32/v1.40/bin/bin/../../lib/gcc/pic32mx/4.8.3/../../../../pic32mx/lib\libc.a
LOAD c:/program files (x86)/microchip/xc32/v1.40/bin/bin/../../lib/gcc/pic32mx/4.8.3/../../../../pic32mx/lib\libpic32.a
END GROUP
LOAD c:/program files (x86)/microchip/xc32/v1.40/bin/bin/../../lib/gcc/pic32mx/4.8.3\libgcc.a
OUTPUT(dist/default/production/Lab7.X.production.elf elf32-tradlittlemips)
LOAD stack
LOAD data_init

.reginfo        0x00000000       0x18
 .reginfo       0x00000000       0x18 c:/program files (x86)/microchip/xc32/v1.40/bin/bin/../../lib/gcc/pic32mx/4.8.3/../../../../pic32mx/lib/./proc/32MX340F512H/crt0_mips32r2.o

.stack          0xa0000400      0x400
 .stack         0xa0000400      0x400 stack

.bss            0xa0000220       0xb8
 .bss           0xa0000220       0xb8 build/default/production/toaster_oven.o

.data           0xa00002d8       0xa4
 .data          0xa00002d8       0xa4 c:/program files (x86)/microchip/xc32/v1.40/bin/bin/../../lib/gcc/pic32mx/4.8.3/../../../../pic32mx/lib\libc.a(_iob.o)
                0xa00002d8                _iob
                0xa0000378                _Files

.bss            0xa000037c       0x54
 .bss           0xa000037c       0x44 c:/program files (x86)/microchip/xc32/v1.40/bin/bin/../../lib/gcc/pic32mx/4.8.3/../../../../pic32mx/lib\libc.a(_iob.o)
                0xa000037c                _outdone
                0xa0000380                _sibuf
                0xa00003a0                _sobuf
 .bss           0xa00003c0       0x10 c:/program files (x86)/microchip/xc32/v1.40/bin/bin/../../lib/gcc/pic32mx/4.8.3/../../../../pic32mx/lib\libc.a(rand.o)

.bss            0x00000000        0x0
 .bss           0x00000000        0x0 c:/program files (x86)/microchip/xc32/v1.40/bin/bin/../../lib/gcc/pic32mx/4.8.3\libgcc.a(_umoddi3.o)

.data           0x00000000        0x0
 .data          0x00000000        0x0 c:/program files (x86)/microchip/xc32/v1.40/bin/bin/../../lib/gcc/pic32mx/4.8.3\libgcc.a(_umoddi3.o)

.bss            0x00000000        0x0